Archive member included because of file (symbol)

/home/egr/AM335X_StarterWare_02_00_01_01/binary/armv7a/gcc/utils/Debug/libutils.a(delay.o)
                              Debug/T5-Olympiade-A1.o (delay)
/home/egr/AM335X_StarterWare_02_00_01_01/binary/armv7a/gcc/utils/Debug/libutils.a(uartStdio.o)
                              Debug/T5-Olympiade-A1.o (UARTprintf)
/home/egr/AM335X_StarterWare_02_00_01_01/binary/armv7a/gcc/am335x/beaglebone/platform/Debug/libplatform.a(sysdelay.o)
                              /home/egr/AM335X_StarterWare_02_00_01_01/binary/armv7a/gcc/utils/Debug/libutils.a(delay.o) (SysDelayTimerSetup)
/home/egr/AM335X_StarterWare_02_00_01_01/binary/armv7a/gcc/am335x/beaglebone/platform/Debug/libplatform.a(uartConsole.o)
                              /home/egr/AM335X_StarterWare_02_00_01_01/binary/armv7a/gcc/utils/Debug/libutils.a(uartStdio.o) (UARTConsoleInit)
/home/egr/AM335X_StarterWare_02_00_01_01/binary/armv7a/gcc/am335x/beaglebone/platform/Debug/libplatform.a(dmtimer.o)
                              /home/egr/AM335X_StarterWare_02_00_01_01/binary/armv7a/gcc/am335x/beaglebone/platform/Debug/libplatform.a(sysdelay.o) (DMTimer7ModuleClkConfig)
/home/egr/AM335X_StarterWare_02_00_01_01/binary/armv7a/gcc/am335x/beaglebone/platform/Debug/libplatform.a(uart.o)
                              /home/egr/AM335X_StarterWare_02_00_01_01/binary/armv7a/gcc/am335x/beaglebone/platform/Debug/libplatform.a(uartConsole.o) (UARTPinMuxSetup)
/home/egr/AM335X_StarterWare_02_00_01_01/binary/armv7a/gcc/am335x/system_config/Debug/libsystem_config.a(init.o)
                              (Entry)
/home/egr/AM335X_StarterWare_02_00_01_01/binary/armv7a/gcc/am335x/system_config/Debug/libsystem_config.a(interrupt.o)
                              Debug/i2c.o (IntRegister)
/home/egr/AM335X_StarterWare_02_00_01_01/binary/armv7a/gcc/am335x/system_config/Debug/libsystem_config.a(startup.o)
                              /home/egr/AM335X_StarterWare_02_00_01_01/binary/armv7a/gcc/am335x/system_config/Debug/libsystem_config.a(init.o) (start_boot)
/home/egr/AM335X_StarterWare_02_00_01_01/binary/armv7a/gcc/am335x/system_config/Debug/libsystem_config.a(cp15.o)
                              /home/egr/AM335X_StarterWare_02_00_01_01/binary/armv7a/gcc/am335x/system_config/Debug/libsystem_config.a(startup.o) (CP15VectorBaseAddrSet)
/home/egr/AM335X_StarterWare_02_00_01_01/binary/armv7a/gcc/am335x/system_config/Debug/libsystem_config.a(cpu.o)
                              /home/egr/AM335X_StarterWare_02_00_01_01/binary/armv7a/gcc/am335x/system_config/Debug/libsystem_config.a(interrupt.o) (CPUIntStatus)
/home/egr/AM335X_StarterWare_02_00_01_01/binary/armv7a/gcc/am335x/system_config/Debug/libsystem_config.a(exceptionhandler.o)
                              /home/egr/AM335X_StarterWare_02_00_01_01/binary/armv7a/gcc/am335x/system_config/Debug/libsystem_config.a(startup.o) (IRQHandler)
/home/egr/gcc-arm-none-eabi-4_8-2013q4/lib/gcc/arm-none-eabi/4.8.3//libgcc.a(_udivsi3.o)
                              (__aeabi_uidiv)
/home/egr/gcc-arm-none-eabi-4_8-2013q4/lib/gcc/arm-none-eabi/4.8.3//libgcc.a(_divsi3.o)
                              (__aeabi_idiv)
/home/egr/gcc-arm-none-eabi-4_8-2013q4/lib/gcc/arm-none-eabi/4.8.3//libgcc.a(_dvmd_tls.o)
                              /home/egr/gcc-arm-none-eabi-4_8-2013q4/lib/gcc/arm-none-eabi/4.8.3//libgcc.a(_udivsi3.o) (__aeabi_idiv0)
/home/egr/AM335X_StarterWare_02_00_01_01/binary/armv7a/gcc/am335x/drivers/Debug/libdrivers.a(dmtimer.o)
                              /home/egr/AM335X_StarterWare_02_00_01_01/binary/armv7a/gcc/am335x/beaglebone/platform/Debug/libplatform.a(sysdelay.o) (DMTimerEnable)
/home/egr/AM335X_StarterWare_02_00_01_01/binary/armv7a/gcc/am335x/drivers/Debug/libdrivers.a(uart_irda_cir.o)
                              /home/egr/AM335X_StarterWare_02_00_01_01/binary/armv7a/gcc/am335x/beaglebone/platform/Debug/libplatform.a(uartConsole.o) (UARTOperatingModeSelect)

Allocating common symbols
Common symbol       size              file

dataSnd             0x32              Debug/i2c.o
transCount          0x4               Debug/i2c.o
dataRecv            0x32              Debug/i2c.o
recvCount           0x4               Debug/i2c.o
fnRAMVectors        0x200             /home/egr/AM335X_StarterWare_02_00_01_01/binary/armv7a/gcc/am335x/system_config/Debug/libsystem_config.a(interrupt.o)

Discarded input sections

 .text          0x00000000        0x0 Debug/Conf_mod.o
 .data          0x00000000        0x0 Debug/Conf_mod.o
 .bss           0x00000000        0x0 Debug/Conf_mod.o
 .text          0x00000000        0x0 Debug/EGR_DCMotor.o
 .data          0x00000000        0x0 Debug/EGR_DCMotor.o
 .bss           0x00000000        0x0 Debug/EGR_DCMotor.o
 .text          0x00000000        0x0 Debug/GPIO.o
 .data          0x00000000        0x0 Debug/GPIO.o
 .bss           0x00000000        0x0 Debug/GPIO.o
 .text.EGR_PinWrite
                0x00000000       0x88 Debug/GPIO.o
 .text          0x00000000        0x0 Debug/IRSensors.o
 .data          0x00000000        0x0 Debug/IRSensors.o
 .bss           0x00000000        0x0 Debug/IRSensors.o
 .data.data_length
                0x00000000        0x1 Debug/IRSensors.o
 .text          0x00000000        0x0 Debug/Motorsteuerung.o
 .data          0x00000000        0x0 Debug/Motorsteuerung.o
 .bss           0x00000000        0x0 Debug/Motorsteuerung.o
 .text          0x00000000        0x0 Debug/T5-Olympiade-A1.o
 .data          0x00000000        0x0 Debug/T5-Olympiade-A1.o
 .bss           0x00000000        0x0 Debug/T5-Olympiade-A1.o
 .text          0x00000000        0x0 Debug/delay_ms.o
 .data          0x00000000        0x0 Debug/delay_ms.o
 .bss           0x00000000        0x0 Debug/delay_ms.o
 .text          0x00000000        0x0 Debug/i2c.o
 .data          0x00000000        0x0 Debug/i2c.o
 .bss           0x00000000        0x0 Debug/i2c.o
 .text.CleanUpInterrupts
                0x00000000       0x54 Debug/i2c.o
 .text          0x00000000        0x0 /home/egr/AM335X_StarterWare_02_00_01_01/binary/armv7a/gcc/utils/Debug/libutils.a(delay.o)
 .data          0x00000000        0x0 /home/egr/AM335X_StarterWare_02_00_01_01/binary/armv7a/gcc/utils/Debug/libutils.a(delay.o)
 .bss           0x00000000        0x0 /home/egr/AM335X_StarterWare_02_00_01_01/binary/armv7a/gcc/utils/Debug/libutils.a(delay.o)
 .text.DelayTimerSetup
                0x00000000       0x18 /home/egr/AM335X_StarterWare_02_00_01_01/binary/armv7a/gcc/utils/Debug/libutils.a(delay.o)
 .text.StartTimer
                0x00000000       0x28 /home/egr/AM335X_StarterWare_02_00_01_01/binary/armv7a/gcc/utils/Debug/libutils.a(delay.o)
 .text.StopTimer
                0x00000000       0x18 /home/egr/AM335X_StarterWare_02_00_01_01/binary/armv7a/gcc/utils/Debug/libutils.a(delay.o)
 .text.IsTimerElapsed
                0x00000000       0x20 /home/egr/AM335X_StarterWare_02_00_01_01/binary/armv7a/gcc/utils/Debug/libutils.a(delay.o)
 .text          0x00000000        0x0 /home/egr/AM335X_StarterWare_02_00_01_01/binary/armv7a/gcc/utils/Debug/libutils.a(uartStdio.o)
 .data          0x00000000        0x0 /home/egr/AM335X_StarterWare_02_00_01_01/binary/armv7a/gcc/utils/Debug/libutils.a(uartStdio.o)
 .bss           0x00000000        0x0 /home/egr/AM335X_StarterWare_02_00_01_01/binary/armv7a/gcc/utils/Debug/libutils.a(uartStdio.o)
 .text.UARTStdioInit
                0x00000000       0x18 /home/egr/AM335X_StarterWare_02_00_01_01/binary/armv7a/gcc/utils/Debug/libutils.a(uartStdio.o)
 .text.UARTPuts
                0x00000000       0xdc /home/egr/AM335X_StarterWare_02_00_01_01/binary/armv7a/gcc/utils/Debug/libutils.a(uartStdio.o)
 .text.UARTGets
                0x00000000       0xdc /home/egr/AM335X_StarterWare_02_00_01_01/binary/armv7a/gcc/utils/Debug/libutils.a(uartStdio.o)
 .text.UARTPutNum
                0x00000000      0x1d8 /home/egr/AM335X_StarterWare_02_00_01_01/binary/armv7a/gcc/utils/Debug/libutils.a(uartStdio.o)
 .text.UARTPutHexNum
                0x00000000      0x194 /home/egr/AM335X_StarterWare_02_00_01_01/binary/armv7a/gcc/utils/Debug/libutils.a(uartStdio.o)
 .text.UARTGetNum
                0x00000000      0x114 /home/egr/AM335X_StarterWare_02_00_01_01/binary/armv7a/gcc/utils/Debug/libutils.a(uartStdio.o)
 .text.UARTGetHexNum
                0x00000000      0x2dc /home/egr/AM335X_StarterWare_02_00_01_01/binary/armv7a/gcc/utils/Debug/libutils.a(uartStdio.o)
 .text.UARTGetc
                0x00000000       0x20 /home/egr/AM335X_StarterWare_02_00_01_01/binary/armv7a/gcc/utils/Debug/libutils.a(uartStdio.o)
 .text          0x00000000        0x0 /home/egr/AM335X_StarterWare_02_00_01_01/binary/armv7a/gcc/am335x/beaglebone/platform/Debug/libplatform.a(sysdelay.o)
 .data          0x00000000        0x0 /home/egr/AM335X_StarterWare_02_00_01_01/binary/armv7a/gcc/am335x/beaglebone/platform/Debug/libplatform.a(sysdelay.o)
 .bss           0x00000000        0x0 /home/egr/AM335X_StarterWare_02_00_01_01/binary/armv7a/gcc/am335x/beaglebone/platform/Debug/libplatform.a(sysdelay.o)
 .text.SysDelayTimerSetup
                0x00000000       0x88 /home/egr/AM335X_StarterWare_02_00_01_01/binary/armv7a/gcc/am335x/beaglebone/platform/Debug/libplatform.a(sysdelay.o)
 .text.SysStartTimer
                0x00000000       0x80 /home/egr/AM335X_StarterWare_02_00_01_01/binary/armv7a/gcc/am335x/beaglebone/platform/Debug/libplatform.a(sysdelay.o)
 .text.SysStopTimer
                0x00000000       0x38 /home/egr/AM335X_StarterWare_02_00_01_01/binary/armv7a/gcc/am335x/beaglebone/platform/Debug/libplatform.a(sysdelay.o)
 .text.SysIsTimerElapsed
                0x00000000       0x24 /home/egr/AM335X_StarterWare_02_00_01_01/binary/armv7a/gcc/am335x/beaglebone/platform/Debug/libplatform.a(sysdelay.o)
 .text.DMTimerIsr
                0x00000000       0x48 /home/egr/AM335X_StarterWare_02_00_01_01/binary/armv7a/gcc/am335x/beaglebone/platform/Debug/libplatform.a(sysdelay.o)
 .text          0x00000000        0x0 /home/egr/AM335X_StarterWare_02_00_01_01/binary/armv7a/gcc/am335x/beaglebone/platform/Debug/libplatform.a(uartConsole.o)
 .data          0x00000000        0x0 /home/egr/AM335X_StarterWare_02_00_01_01/binary/armv7a/gcc/am335x/beaglebone/platform/Debug/libplatform.a(uartConsole.o)
 .bss           0x00000000        0x0 /home/egr/AM335X_StarterWare_02_00_01_01/binary/armv7a/gcc/am335x/beaglebone/platform/Debug/libplatform.a(uartConsole.o)
 .text.UARTStdioInitExpClk
                0x00000000       0xd0 /home/egr/AM335X_StarterWare_02_00_01_01/binary/armv7a/gcc/am335x/beaglebone/platform/Debug/libplatform.a(uartConsole.o)
 .text.UartFIFOConfigure
                0x00000000       0x64 /home/egr/AM335X_StarterWare_02_00_01_01/binary/armv7a/gcc/am335x/beaglebone/platform/Debug/libplatform.a(uartConsole.o)
 .text.UartBaudRateSet
                0x00000000       0x60 /home/egr/AM335X_StarterWare_02_00_01_01/binary/armv7a/gcc/am335x/beaglebone/platform/Debug/libplatform.a(uartConsole.o)
 .text.UARTConsoleInit
                0x00000000       0x44 /home/egr/AM335X_StarterWare_02_00_01_01/binary/armv7a/gcc/am335x/beaglebone/platform/Debug/libplatform.a(uartConsole.o)
 .text.UARTConsoleGetc
                0x00000000       0x30 /home/egr/AM335X_StarterWare_02_00_01_01/binary/armv7a/gcc/am335x/beaglebone/platform/Debug/libplatform.a(uartConsole.o)
 .text          0x00000000        0x0 /home/egr/AM335X_StarterWare_02_00_01_01/binary/armv7a/gcc/am335x/beaglebone/platform/Debug/libplatform.a(dmtimer.o)
 .data          0x00000000        0x0 /home/egr/AM335X_StarterWare_02_00_01_01/binary/armv7a/gcc/am335x/beaglebone/platform/Debug/libplatform.a(dmtimer.o)
 .bss           0x00000000        0x0 /home/egr/AM335X_StarterWare_02_00_01_01/binary/armv7a/gcc/am335x/beaglebone/platform/Debug/libplatform.a(dmtimer.o)
 .debug_abbrev  0x00000000       0x4b /home/egr/AM335X_StarterWare_02_00_01_01/binary/armv7a/gcc/am335x/beaglebone/platform/Debug/libplatform.a(dmtimer.o)
 .debug_info    0x00000000       0x86 /home/egr/AM335X_StarterWare_02_00_01_01/binary/armv7a/gcc/am335x/beaglebone/platform/Debug/libplatform.a(dmtimer.o)
 .debug_line    0x00000000       0xf4 /home/egr/AM335X_StarterWare_02_00_01_01/binary/armv7a/gcc/am335x/beaglebone/platform/Debug/libplatform.a(dmtimer.o)
 .text.DMTimer3ModuleClkConfig
                0x00000000      0x228 /home/egr/AM335X_StarterWare_02_00_01_01/binary/armv7a/gcc/am335x/beaglebone/platform/Debug/libplatform.a(dmtimer.o)
 .text.DMTimer2ModuleClkConfig
                0x00000000      0x228 /home/egr/AM335X_StarterWare_02_00_01_01/binary/armv7a/gcc/am335x/beaglebone/platform/Debug/libplatform.a(dmtimer.o)
 .text.DMTimer4ModuleClkConfig
                0x00000000      0x230 /home/egr/AM335X_StarterWare_02_00_01_01/binary/armv7a/gcc/am335x/beaglebone/platform/Debug/libplatform.a(dmtimer.o)
 .text.DMTimer7ModuleClkConfig
                0x00000000      0x228 /home/egr/AM335X_StarterWare_02_00_01_01/binary/armv7a/gcc/am335x/beaglebone/platform/Debug/libplatform.a(dmtimer.o)
 .debug_frame   0x00000000       0x70 /home/egr/AM335X_StarterWare_02_00_01_01/binary/armv7a/gcc/am335x/beaglebone/platform/Debug/libplatform.a(dmtimer.o)
 .debug_loc     0x00000000       0xac /home/egr/AM335X_StarterWare_02_00_01_01/binary/armv7a/gcc/am335x/beaglebone/platform/Debug/libplatform.a(dmtimer.o)
 .debug_pubnames
                0x00000000       0x82 /home/egr/AM335X_StarterWare_02_00_01_01/binary/armv7a/gcc/am335x/beaglebone/platform/Debug/libplatform.a(dmtimer.o)
 .debug_aranges
                0x00000000       0x38 /home/egr/AM335X_StarterWare_02_00_01_01/binary/armv7a/gcc/am335x/beaglebone/platform/Debug/libplatform.a(dmtimer.o)
 .debug_ranges  0x00000000       0x30 /home/egr/AM335X_StarterWare_02_00_01_01/binary/armv7a/gcc/am335x/beaglebone/platform/Debug/libplatform.a(dmtimer.o)
 .debug_str     0x00000000       0xfc /home/egr/AM335X_StarterWare_02_00_01_01/binary/armv7a/gcc/am335x/beaglebone/platform/Debug/libplatform.a(dmtimer.o)
 .comment       0x00000000       0x2b /home/egr/AM335X_StarterWare_02_00_01_01/binary/armv7a/gcc/am335x/beaglebone/platform/Debug/libplatform.a(dmtimer.o)
 .ARM.attributes
                0x00000000       0x33 /home/egr/AM335X_StarterWare_02_00_01_01/binary/armv7a/gcc/am335x/beaglebone/platform/Debug/libplatform.a(dmtimer.o)
 .text          0x00000000        0x0 /home/egr/AM335X_StarterWare_02_00_01_01/binary/armv7a/gcc/am335x/beaglebone/platform/Debug/libplatform.a(uart.o)
 .data          0x00000000        0x0 /home/egr/AM335X_StarterWare_02_00_01_01/binary/armv7a/gcc/am335x/beaglebone/platform/Debug/libplatform.a(uart.o)
 .bss           0x00000000        0x0 /home/egr/AM335X_StarterWare_02_00_01_01/binary/armv7a/gcc/am335x/beaglebone/platform/Debug/libplatform.a(uart.o)
 .debug_abbrev  0x00000000       0x5c /home/egr/AM335X_StarterWare_02_00_01_01/binary/armv7a/gcc/am335x/beaglebone/platform/Debug/libplatform.a(uart.o)
 .debug_info    0x00000000       0x75 /home/egr/AM335X_StarterWare_02_00_01_01/binary/armv7a/gcc/am335x/beaglebone/platform/Debug/libplatform.a(uart.o)
 .debug_line    0x00000000       0x98 /home/egr/AM335X_StarterWare_02_00_01_01/binary/armv7a/gcc/am335x/beaglebone/platform/Debug/libplatform.a(uart.o)
 .text.UARTPinMuxSetup
                0x00000000       0x48 /home/egr/AM335X_StarterWare_02_00_01_01/binary/armv7a/gcc/am335x/beaglebone/platform/Debug/libplatform.a(uart.o)
 .text.UART0ModuleClkConfig
                0x00000000      0x308 /home/egr/AM335X_StarterWare_02_00_01_01/binary/armv7a/gcc/am335x/beaglebone/platform/Debug/libplatform.a(uart.o)
 .debug_frame   0x00000000       0x40 /home/egr/AM335X_StarterWare_02_00_01_01/binary/armv7a/gcc/am335x/beaglebone/platform/Debug/libplatform.a(uart.o)
 .debug_loc     0x00000000       0x56 /home/egr/AM335X_StarterWare_02_00_01_01/binary/armv7a/gcc/am335x/beaglebone/platform/Debug/libplatform.a(uart.o)
 .debug_pubnames
                0x00000000       0x3f /home/egr/AM335X_StarterWare_02_00_01_01/binary/armv7a/gcc/am335x/beaglebone/platform/Debug/libplatform.a(uart.o)
 .debug_aranges
                0x00000000       0x28 /home/egr/AM335X_StarterWare_02_00_01_01/binary/armv7a/gcc/am335x/beaglebone/platform/Debug/libplatform.a(uart.o)
 .debug_ranges  0x00000000       0x20 /home/egr/AM335X_StarterWare_02_00_01_01/binary/armv7a/gcc/am335x/beaglebone/platform/Debug/libplatform.a(uart.o)
 .debug_str     0x00000000       0xd7 /home/egr/AM335X_StarterWare_02_00_01_01/binary/armv7a/gcc/am335x/beaglebone/platform/Debug/libplatform.a(uart.o)
 .comment       0x00000000       0x2b /home/egr/AM335X_StarterWare_02_00_01_01/binary/armv7a/gcc/am335x/beaglebone/platform/Debug/libplatform.a(uart.o)
 .ARM.attributes
                0x00000000       0x33 /home/egr/AM335X_StarterWare_02_00_01_01/binary/armv7a/gcc/am335x/beaglebone/platform/Debug/libplatform.a(uart.o)
 .data          0x00000000        0x0 /home/egr/AM335X_StarterWare_02_00_01_01/binary/armv7a/gcc/am335x/system_config/Debug/libsystem_config.a(init.o)
 .bss           0x00000000        0x0 /home/egr/AM335X_StarterWare_02_00_01_01/binary/armv7a/gcc/am335x/system_config/Debug/libsystem_config.a(init.o)
 .text          0x00000000        0x0 /home/egr/AM335X_StarterWare_02_00_01_01/binary/armv7a/gcc/am335x/system_config/Debug/libsystem_config.a(interrupt.o)
 .data          0x00000000        0x0 /home/egr/AM335X_StarterWare_02_00_01_01/binary/armv7a/gcc/am335x/system_config/Debug/libsystem_config.a(interrupt.o)
 .bss           0x00000000        0x0 /home/egr/AM335X_StarterWare_02_00_01_01/binary/armv7a/gcc/am335x/system_config/Debug/libsystem_config.a(interrupt.o)
 .text.IntUnRegister
                0x00000000       0x34 /home/egr/AM335X_StarterWare_02_00_01_01/binary/armv7a/gcc/am335x/system_config/Debug/libsystem_config.a(interrupt.o)
 .text.IntSystemDisable
                0x00000000       0x4c /home/egr/AM335X_StarterWare_02_00_01_01/binary/armv7a/gcc/am335x/system_config/Debug/libsystem_config.a(interrupt.o)
 .text.IntIfClkFreeRunSet
                0x00000000       0x30 /home/egr/AM335X_StarterWare_02_00_01_01/binary/armv7a/gcc/am335x/system_config/Debug/libsystem_config.a(interrupt.o)
 .text.IntIfClkAutoGateSet
                0x00000000       0x30 /home/egr/AM335X_StarterWare_02_00_01_01/binary/armv7a/gcc/am335x/system_config/Debug/libsystem_config.a(interrupt.o)
 .text.IntActiveIrqNumGet
                0x00000000       0x28 /home/egr/AM335X_StarterWare_02_00_01_01/binary/armv7a/gcc/am335x/system_config/Debug/libsystem_config.a(interrupt.o)
 .text.IntSpurIrqFlagGet
                0x00000000       0x28 /home/egr/AM335X_StarterWare_02_00_01_01/binary/armv7a/gcc/am335x/system_config/Debug/libsystem_config.a(interrupt.o)
 .text.IntProtectionEnable
                0x00000000       0x24 /home/egr/AM335X_StarterWare_02_00_01_01/binary/armv7a/gcc/am335x/system_config/Debug/libsystem_config.a(interrupt.o)
 .text.IntProtectionDisable
                0x00000000       0x30 /home/egr/AM335X_StarterWare_02_00_01_01/binary/armv7a/gcc/am335x/system_config/Debug/libsystem_config.a(interrupt.o)
 .text.IntSyncClkFreeRunSet
                0x00000000       0x30 /home/egr/AM335X_StarterWare_02_00_01_01/binary/armv7a/gcc/am335x/system_config/Debug/libsystem_config.a(interrupt.o)
 .text.IntSyncClkAutoGateSet
                0x00000000       0x30 /home/egr/AM335X_StarterWare_02_00_01_01/binary/armv7a/gcc/am335x/system_config/Debug/libsystem_config.a(interrupt.o)
 .text.IntFuncClkFreeRunSet
                0x00000000       0x30 /home/egr/AM335X_StarterWare_02_00_01_01/binary/armv7a/gcc/am335x/system_config/Debug/libsystem_config.a(interrupt.o)
 .text.IntFuncClkAutoGateSet
                0x00000000       0x30 /home/egr/AM335X_StarterWare_02_00_01_01/binary/armv7a/gcc/am335x/system_config/Debug/libsystem_config.a(interrupt.o)
 .text.IntCurrIrqPriorityGet
                0x00000000       0x28 /home/egr/AM335X_StarterWare_02_00_01_01/binary/armv7a/gcc/am335x/system_config/Debug/libsystem_config.a(interrupt.o)
 .text.IntPriorityThresholdGet
                0x00000000       0x28 /home/egr/AM335X_StarterWare_02_00_01_01/binary/armv7a/gcc/am335x/system_config/Debug/libsystem_config.a(interrupt.o)
 .text.IntPriorityThresholdSet
                0x00000000       0x30 /home/egr/AM335X_StarterWare_02_00_01_01/binary/armv7a/gcc/am335x/system_config/Debug/libsystem_config.a(interrupt.o)
 .text.IntRawStatusGet
                0x00000000       0x4c /home/egr/AM335X_StarterWare_02_00_01_01/binary/armv7a/gcc/am335x/system_config/Debug/libsystem_config.a(interrupt.o)
 .text.IntSoftwareIntSet
                0x00000000       0x4c /home/egr/AM335X_StarterWare_02_00_01_01/binary/armv7a/gcc/am335x/system_config/Debug/libsystem_config.a(interrupt.o)
 .text.IntSoftwareIntClear
                0x00000000       0x4c /home/egr/AM335X_StarterWare_02_00_01_01/binary/armv7a/gcc/am335x/system_config/Debug/libsystem_config.a(interrupt.o)
 .text.IntPendingIrqMaskedStatusGet
                0x00000000       0x54 /home/egr/AM335X_StarterWare_02_00_01_01/binary/armv7a/gcc/am335x/system_config/Debug/libsystem_config.a(interrupt.o)
 .text.IntMasterIRQDisable
                0x00000000       0x18 /home/egr/AM335X_StarterWare_02_00_01_01/binary/armv7a/gcc/am335x/system_config/Debug/libsystem_config.a(interrupt.o)
 .text.IntMasterFIQEnable
                0x00000000       0x18 /home/egr/AM335X_StarterWare_02_00_01_01/binary/armv7a/gcc/am335x/system_config/Debug/libsystem_config.a(interrupt.o)
 .text.IntMasterFIQDisable
                0x00000000       0x18 /home/egr/AM335X_StarterWare_02_00_01_01/binary/armv7a/gcc/am335x/system_config/Debug/libsystem_config.a(interrupt.o)
 .text.IntMasterStatusGet
                0x00000000       0x20 /home/egr/AM335X_StarterWare_02_00_01_01/binary/armv7a/gcc/am335x/system_config/Debug/libsystem_config.a(interrupt.o)
 .text.IntDisable
                0x00000000       0x3c /home/egr/AM335X_StarterWare_02_00_01_01/binary/armv7a/gcc/am335x/system_config/Debug/libsystem_config.a(interrupt.o)
 .text.IntEnable
                0x00000000       0x38 /home/egr/AM335X_StarterWare_02_00_01_01/binary/armv7a/gcc/am335x/system_config/Debug/libsystem_config.a(interrupt.o)
 .text          0x00000000        0x0 /home/egr/AM335X_StarterWare_02_00_01_01/binary/armv7a/gcc/am335x/system_config/Debug/libsystem_config.a(startup.o)
 .data          0x00000000        0x0 /home/egr/AM335X_StarterWare_02_00_01_01/binary/armv7a/gcc/am335x/system_config/Debug/libsystem_config.a(startup.o)
 .bss           0x00000000        0x0 /home/egr/AM335X_StarterWare_02_00_01_01/binary/armv7a/gcc/am335x/system_config/Debug/libsystem_config.a(startup.o)
 .data          0x00000000        0x0 /home/egr/AM335X_StarterWare_02_00_01_01/binary/armv7a/gcc/am335x/system_config/Debug/libsystem_config.a(cp15.o)
 .bss           0x00000000        0x0 /home/egr/AM335X_StarterWare_02_00_01_01/binary/armv7a/gcc/am335x/system_config/Debug/libsystem_config.a(cp15.o)
 .text          0x00000000        0x0 /home/egr/AM335X_StarterWare_02_00_01_01/binary/armv7a/gcc/am335x/system_config/Debug/libsystem_config.a(cpu.o)
 .data          0x00000000        0x0 /home/egr/AM335X_StarterWare_02_00_01_01/binary/armv7a/gcc/am335x/system_config/Debug/libsystem_config.a(cpu.o)
 .bss           0x00000000        0x0 /home/egr/AM335X_StarterWare_02_00_01_01/binary/armv7a/gcc/am335x/system_config/Debug/libsystem_config.a(cpu.o)
 .text.CPUSwitchToPrivilegedMode
                0x00000000       0x18 /home/egr/AM335X_StarterWare_02_00_01_01/binary/armv7a/gcc/am335x/system_config/Debug/libsystem_config.a(cpu.o)
 .text.CPUSwitchToUserMode
                0x00000000       0x24 /home/egr/AM335X_StarterWare_02_00_01_01/binary/armv7a/gcc/am335x/system_config/Debug/libsystem_config.a(cpu.o)
 .text.CPUAbortHandler
                0x00000000       0x14 /home/egr/AM335X_StarterWare_02_00_01_01/binary/armv7a/gcc/am335x/system_config/Debug/libsystem_config.a(cpu.o)
 .text.CPUIntStatus
                0x00000000       0x2c /home/egr/AM335X_StarterWare_02_00_01_01/binary/armv7a/gcc/am335x/system_config/Debug/libsystem_config.a(cpu.o)
 .text.CPUirqd  0x00000000       0x20 /home/egr/AM335X_StarterWare_02_00_01_01/binary/armv7a/gcc/am335x/system_config/Debug/libsystem_config.a(cpu.o)
 .text.CPUfiqd  0x00000000       0x20 /home/egr/AM335X_StarterWare_02_00_01_01/binary/armv7a/gcc/am335x/system_config/Debug/libsystem_config.a(cpu.o)
 .text.CPUfiqe  0x00000000       0x20 /home/egr/AM335X_StarterWare_02_00_01_01/binary/armv7a/gcc/am335x/system_config/Debug/libsystem_config.a(cpu.o)
 .data          0x00000000        0x0 /home/egr/AM335X_StarterWare_02_00_01_01/binary/armv7a/gcc/am335x/system_config/Debug/libsystem_config.a(exceptionhandler.o)
 .bss           0x00000000        0x0 /home/egr/AM335X_StarterWare_02_00_01_01/binary/armv7a/gcc/am335x/system_config/Debug/libsystem_config.a(exceptionhandler.o)
 .data          0x00000000        0x0 /home/egr/gcc-arm-none-eabi-4_8-2013q4/lib/gcc/arm-none-eabi/4.8.3//libgcc.a(_udivsi3.o)
 .bss           0x00000000        0x0 /home/egr/gcc-arm-none-eabi-4_8-2013q4/lib/gcc/arm-none-eabi/4.8.3//libgcc.a(_udivsi3.o)
 .data          0x00000000        0x0 /home/egr/gcc-arm-none-eabi-4_8-2013q4/lib/gcc/arm-none-eabi/4.8.3//libgcc.a(_divsi3.o)
 .bss           0x00000000        0x0 /home/egr/gcc-arm-none-eabi-4_8-2013q4/lib/gcc/arm-none-eabi/4.8.3//libgcc.a(_divsi3.o)
 .data          0x00000000        0x0 /home/egr/gcc-arm-none-eabi-4_8-2013q4/lib/gcc/arm-none-eabi/4.8.3//libgcc.a(_dvmd_tls.o)
 .bss           0x00000000        0x0 /home/egr/gcc-arm-none-eabi-4_8-2013q4/lib/gcc/arm-none-eabi/4.8.3//libgcc.a(_dvmd_tls.o)
 .text          0x00000000        0x0 /home/egr/AM335X_StarterWare_02_00_01_01/binary/armv7a/gcc/am335x/drivers/Debug/libdrivers.a(dmtimer.o)
 .data          0x00000000        0x0 /home/egr/AM335X_StarterWare_02_00_01_01/binary/armv7a/gcc/am335x/drivers/Debug/libdrivers.a(dmtimer.o)
 .bss           0x00000000        0x0 /home/egr/AM335X_StarterWare_02_00_01_01/binary/armv7a/gcc/am335x/drivers/Debug/libdrivers.a(dmtimer.o)
 .text.DMTimerDisable
                0x00000000       0x3c /home/egr/AM335X_StarterWare_02_00_01_01/binary/armv7a/gcc/am335x/drivers/Debug/libdrivers.a(dmtimer.o)
 .text.DMTimerModeConfigure
                0x00000000       0x68 /home/egr/AM335X_StarterWare_02_00_01_01/binary/armv7a/gcc/am335x/drivers/Debug/libdrivers.a(dmtimer.o)
 .text.DMTimerPreScalerClkEnable
                0x00000000       0x68 /home/egr/AM335X_StarterWare_02_00_01_01/binary/armv7a/gcc/am335x/drivers/Debug/libdrivers.a(dmtimer.o)
 .text.DMTimerPreScalerClkDisable
                0x00000000       0x3c /home/egr/AM335X_StarterWare_02_00_01_01/binary/armv7a/gcc/am335x/drivers/Debug/libdrivers.a(dmtimer.o)
 .text.DMTimerCounterGet
                0x00000000       0x2c /home/egr/AM335X_StarterWare_02_00_01_01/binary/armv7a/gcc/am335x/drivers/Debug/libdrivers.a(dmtimer.o)
 .text.DMTimerReloadSet
                0x00000000       0x34 /home/egr/AM335X_StarterWare_02_00_01_01/binary/armv7a/gcc/am335x/drivers/Debug/libdrivers.a(dmtimer.o)
 .text.DMTimerReloadGet
                0x00000000       0x2c /home/egr/AM335X_StarterWare_02_00_01_01/binary/armv7a/gcc/am335x/drivers/Debug/libdrivers.a(dmtimer.o)
 .text.DMTimerGPOConfigure
                0x00000000       0x68 /home/egr/AM335X_StarterWare_02_00_01_01/binary/armv7a/gcc/am335x/drivers/Debug/libdrivers.a(dmtimer.o)
 .text.DMTimerCompareSet
                0x00000000       0x34 /home/egr/AM335X_StarterWare_02_00_01_01/binary/armv7a/gcc/am335x/drivers/Debug/libdrivers.a(dmtimer.o)
 .text.DMTimerCompareGet
                0x00000000       0x2c /home/egr/AM335X_StarterWare_02_00_01_01/binary/armv7a/gcc/am335x/drivers/Debug/libdrivers.a(dmtimer.o)
 .text.DMTimerIntRawStatusSet
                0x00000000       0x38 /home/egr/AM335X_StarterWare_02_00_01_01/binary/armv7a/gcc/am335x/drivers/Debug/libdrivers.a(dmtimer.o)
 .text.DMTimerIntRawStatusGet
                0x00000000       0x2c /home/egr/AM335X_StarterWare_02_00_01_01/binary/armv7a/gcc/am335x/drivers/Debug/libdrivers.a(dmtimer.o)
 .text.DMTimerIntStatusGet
                0x00000000       0x2c /home/egr/AM335X_StarterWare_02_00_01_01/binary/armv7a/gcc/am335x/drivers/Debug/libdrivers.a(dmtimer.o)
 .text.DMTimerIntStatusClear
                0x00000000       0x38 /home/egr/AM335X_StarterWare_02_00_01_01/binary/armv7a/gcc/am335x/drivers/Debug/libdrivers.a(dmtimer.o)
 .text.DMTimerTriggerSet
                0x00000000       0x30 /home/egr/AM335X_StarterWare_02_00_01_01/binary/armv7a/gcc/am335x/drivers/Debug/libdrivers.a(dmtimer.o)
 .text.DMTimerIntEnableGet
                0x00000000       0x2c /home/egr/AM335X_StarterWare_02_00_01_01/binary/armv7a/gcc/am335x/drivers/Debug/libdrivers.a(dmtimer.o)
 .text.DMTimerResetConfigure
                0x00000000       0x68 /home/egr/AM335X_StarterWare_02_00_01_01/binary/armv7a/gcc/am335x/drivers/Debug/libdrivers.a(dmtimer.o)
 .text.DMTimerReset
                0x00000000       0x58 /home/egr/AM335X_StarterWare_02_00_01_01/binary/armv7a/gcc/am335x/drivers/Debug/libdrivers.a(dmtimer.o)
 .text.DMTimerContextSave
                0x00000000       0x84 /home/egr/AM335X_StarterWare_02_00_01_01/binary/armv7a/gcc/am335x/drivers/Debug/libdrivers.a(dmtimer.o)
 .text.DMTimerContextRestore
                0x00000000       0x98 /home/egr/AM335X_StarterWare_02_00_01_01/binary/armv7a/gcc/am335x/drivers/Debug/libdrivers.a(dmtimer.o)
 .text          0x00000000        0x0 /home/egr/AM335X_StarterWare_02_00_01_01/binary/armv7a/gcc/am335x/drivers/Debug/libdrivers.a(uart_irda_cir.o)
 .data          0x00000000        0x0 /home/egr/AM335X_StarterWare_02_00_01_01/binary/armv7a/gcc/am335x/drivers/Debug/libdrivers.a(uart_irda_cir.o)
 .bss           0x00000000        0x0 /home/egr/AM335X_StarterWare_02_00_01_01/binary/armv7a/gcc/am335x/drivers/Debug/libdrivers.a(uart_irda_cir.o)
 .text.UARTOperatingModeSelect
                0x00000000       0x8c /home/egr/AM335X_StarterWare_02_00_01_01/binary/armv7a/gcc/am335x/drivers/Debug/libdrivers.a(uart_irda_cir.o)
 .text.UARTDivisorValCompute
                0x00000000       0xfc /home/egr/AM335X_StarterWare_02_00_01_01/binary/armv7a/gcc/am335x/drivers/Debug/libdrivers.a(uart_irda_cir.o)
 .text.UARTDivisorLatchWrite
                0x00000000      0x22c /home/egr/AM335X_StarterWare_02_00_01_01/binary/armv7a/gcc/am335x/drivers/Debug/libdrivers.a(uart_irda_cir.o)
 .text.UARTDivisorLatchEnable
                0x00000000       0x3c /home/egr/AM335X_StarterWare_02_00_01_01/binary/armv7a/gcc/am335x/drivers/Debug/libdrivers.a(uart_irda_cir.o)
 .text.UARTDivisorLatchDisable
                0x00000000       0x3c /home/egr/AM335X_StarterWare_02_00_01_01/binary/armv7a/gcc/am335x/drivers/Debug/libdrivers.a(uart_irda_cir.o)
 .text.UARTRegConfModeRestore
                0x00000000       0x34 /home/egr/AM335X_StarterWare_02_00_01_01/binary/armv7a/gcc/am335x/drivers/Debug/libdrivers.a(uart_irda_cir.o)
 .text.UARTBreakCtl
                0x00000000       0x68 /home/egr/AM335X_StarterWare_02_00_01_01/binary/armv7a/gcc/am335x/drivers/Debug/libdrivers.a(uart_irda_cir.o)
 .text.UARTLineCharacConfig
                0x00000000       0xb4 /home/egr/AM335X_StarterWare_02_00_01_01/binary/armv7a/gcc/am335x/drivers/Debug/libdrivers.a(uart_irda_cir.o)
 .text.UARTParityModeSet
                0x00000000       0x68 /home/egr/AM335X_StarterWare_02_00_01_01/binary/armv7a/gcc/am335x/drivers/Debug/libdrivers.a(uart_irda_cir.o)
 .text.UARTParityModeGet
                0x00000000       0x30 /home/egr/AM335X_StarterWare_02_00_01_01/binary/armv7a/gcc/am335x/drivers/Debug/libdrivers.a(uart_irda_cir.o)
 .text.UARTFIFOConfig
                0x00000000      0x48c /home/egr/AM335X_StarterWare_02_00_01_01/binary/armv7a/gcc/am335x/drivers/Debug/libdrivers.a(uart_irda_cir.o)
 .text.UARTDMAEnable
                0x00000000       0x8c /home/egr/AM335X_StarterWare_02_00_01_01/binary/armv7a/gcc/am335x/drivers/Debug/libdrivers.a(uart_irda_cir.o)
 .text.UARTDMADisable
                0x00000000       0x5c /home/egr/AM335X_StarterWare_02_00_01_01/binary/armv7a/gcc/am335x/drivers/Debug/libdrivers.a(uart_irda_cir.o)
 .text.UARTFIFORegisterWrite
                0x00000000       0xa0 /home/egr/AM335X_StarterWare_02_00_01_01/binary/armv7a/gcc/am335x/drivers/Debug/libdrivers.a(uart_irda_cir.o)
 .text.UARTEnhanFuncEnable
                0x00000000       0x94 /home/egr/AM335X_StarterWare_02_00_01_01/binary/armv7a/gcc/am335x/drivers/Debug/libdrivers.a(uart_irda_cir.o)
 .text.UARTEnhanFuncBitValRestore
                0x00000000       0x9c /home/egr/AM335X_StarterWare_02_00_01_01/binary/armv7a/gcc/am335x/drivers/Debug/libdrivers.a(uart_irda_cir.o)
 .text.UARTSubConfigMSRSPRModeEn
                0x00000000      0x13c /home/egr/AM335X_StarterWare_02_00_01_01/binary/armv7a/gcc/am335x/drivers/Debug/libdrivers.a(uart_irda_cir.o)
 .text.UARTSubConfigTCRTLRModeEn
                0x00000000      0x13c /home/egr/AM335X_StarterWare_02_00_01_01/binary/armv7a/gcc/am335x/drivers/Debug/libdrivers.a(uart_irda_cir.o)
 .text.UARTSubConfigXOFFModeEn
                0x00000000      0x13c /home/egr/AM335X_StarterWare_02_00_01_01/binary/armv7a/gcc/am335x/drivers/Debug/libdrivers.a(uart_irda_cir.o)
 .text.UARTTCRTLRBitValRestore
                0x00000000      0x144 /home/egr/AM335X_StarterWare_02_00_01_01/binary/armv7a/gcc/am335x/drivers/Debug/libdrivers.a(uart_irda_cir.o)
 .text.UARTIntEnable
                0x00000000      0x14c /home/egr/AM335X_StarterWare_02_00_01_01/binary/armv7a/gcc/am335x/drivers/Debug/libdrivers.a(uart_irda_cir.o)
 .text.UARTIntDisable
                0x00000000      0x128 /home/egr/AM335X_StarterWare_02_00_01_01/binary/armv7a/gcc/am335x/drivers/Debug/libdrivers.a(uart_irda_cir.o)
 .text.UARTSpaceAvail
                0x00000000       0x80 /home/egr/AM335X_StarterWare_02_00_01_01/binary/armv7a/gcc/am335x/drivers/Debug/libdrivers.a(uart_irda_cir.o)
 .text.UARTCharsAvail
                0x00000000       0x84 /home/egr/AM335X_StarterWare_02_00_01_01/binary/armv7a/gcc/am335x/drivers/Debug/libdrivers.a(uart_irda_cir.o)
 .text.UARTCharPutNonBlocking
                0x00000000       0x94 /home/egr/AM335X_StarterWare_02_00_01_01/binary/armv7a/gcc/am335x/drivers/Debug/libdrivers.a(uart_irda_cir.o)
 .text.UARTCharGetNonBlocking
                0x00000000       0x8c /home/egr/AM335X_StarterWare_02_00_01_01/binary/armv7a/gcc/am335x/drivers/Debug/libdrivers.a(uart_irda_cir.o)
 .text.UARTCharGet
                0x00000000       0x88 /home/egr/AM335X_StarterWare_02_00_01_01/binary/armv7a/gcc/am335x/drivers/Debug/libdrivers.a(uart_irda_cir.o)
 .text.UARTRxErrorGet
                0x00000000       0x74 /home/egr/AM335X_StarterWare_02_00_01_01/binary/armv7a/gcc/am335x/drivers/Debug/libdrivers.a(uart_irda_cir.o)
 .text.UARTIntIdentityGet
                0x00000000       0x74 /home/egr/AM335X_StarterWare_02_00_01_01/binary/armv7a/gcc/am335x/drivers/Debug/libdrivers.a(uart_irda_cir.o)
 .text.UARTIntPendingStatusGet
                0x00000000       0x80 /home/egr/AM335X_StarterWare_02_00_01_01/binary/armv7a/gcc/am335x/drivers/Debug/libdrivers.a(uart_irda_cir.o)
 .text.UARTFIFOEnableStatusGet
                0x00000000       0x80 /home/egr/AM335X_StarterWare_02_00_01_01/binary/armv7a/gcc/am335x/drivers/Debug/libdrivers.a(uart_irda_cir.o)
 .text.UARTAutoRTSAutoCTSControl
                0x00000000       0xc8 /home/egr/AM335X_StarterWare_02_00_01_01/binary/armv7a/gcc/am335x/drivers/Debug/libdrivers.a(uart_irda_cir.o)
 .text.UARTSpecialCharDetectControl
                0x00000000       0x9c /home/egr/AM335X_StarterWare_02_00_01_01/binary/armv7a/gcc/am335x/drivers/Debug/libdrivers.a(uart_irda_cir.o)
 .text.UARTSoftwareFlowCtrlOptSet
                0x00000000       0x9c /home/egr/AM335X_StarterWare_02_00_01_01/binary/armv7a/gcc/am335x/drivers/Debug/libdrivers.a(uart_irda_cir.o)
 .text.UARTPulseShapingControl
                0x00000000       0x68 /home/egr/AM335X_StarterWare_02_00_01_01/binary/armv7a/gcc/am335x/drivers/Debug/libdrivers.a(uart_irda_cir.o)
 .text.UARTModuleReset
                0x00000000       0x54 /home/egr/AM335X_StarterWare_02_00_01_01/binary/armv7a/gcc/am335x/drivers/Debug/libdrivers.a(uart_irda_cir.o)
 .text.UARTIdleModeConfigure
                0x00000000       0x68 /home/egr/AM335X_StarterWare_02_00_01_01/binary/armv7a/gcc/am335x/drivers/Debug/libdrivers.a(uart_irda_cir.o)
 .text.UARTWakeUpControl
                0x00000000       0x68 /home/egr/AM335X_StarterWare_02_00_01_01/binary/armv7a/gcc/am335x/drivers/Debug/libdrivers.a(uart_irda_cir.o)
 .text.UARTAutoIdleModeControl
                0x00000000       0x68 /home/egr/AM335X_StarterWare_02_00_01_01/binary/armv7a/gcc/am335x/drivers/Debug/libdrivers.a(uart_irda_cir.o)
 .text.UARTFlowCtrlTrigLvlConfig
                0x00000000       0x64 /home/egr/AM335X_StarterWare_02_00_01_01/binary/armv7a/gcc/am335x/drivers/Debug/libdrivers.a(uart_irda_cir.o)
 .text.UARTXON1XOFF1ValProgram
                0x00000000       0x54 /home/egr/AM335X_StarterWare_02_00_01_01/binary/armv7a/gcc/am335x/drivers/Debug/libdrivers.a(uart_irda_cir.o)
 .text.UARTXON2XOFF2ValProgram
                0x00000000       0x54 /home/egr/AM335X_StarterWare_02_00_01_01/binary/armv7a/gcc/am335x/drivers/Debug/libdrivers.a(uart_irda_cir.o)
 .text.UARTXONAnyFeatureControl
                0x00000000      0x11c /home/egr/AM335X_StarterWare_02_00_01_01/binary/armv7a/gcc/am335x/drivers/Debug/libdrivers.a(uart_irda_cir.o)
 .text.UARTLoopbackModeControl
                0x00000000       0x68 /home/egr/AM335X_StarterWare_02_00_01_01/binary/armv7a/gcc/am335x/drivers/Debug/libdrivers.a(uart_irda_cir.o)
 .text.UARTModemControlSet
                0x00000000       0x48 /home/egr/AM335X_StarterWare_02_00_01_01/binary/armv7a/gcc/am335x/drivers/Debug/libdrivers.a(uart_irda_cir.o)
 .text.UARTModemControlClear
                0x00000000       0x4c /home/egr/AM335X_StarterWare_02_00_01_01/binary/armv7a/gcc/am335x/drivers/Debug/libdrivers.a(uart_irda_cir.o)
 .text.UARTModemStatusGet
                0x00000000       0x30 /home/egr/AM335X_StarterWare_02_00_01_01/binary/armv7a/gcc/am335x/drivers/Debug/libdrivers.a(uart_irda_cir.o)
 .text.UARTModemStatusChangeCheck
                0x00000000       0x30 /home/egr/AM335X_StarterWare_02_00_01_01/binary/armv7a/gcc/am335x/drivers/Debug/libdrivers.a(uart_irda_cir.o)
 .text.UARTResumeOperation
                0x00000000       0x28 /home/egr/AM335X_StarterWare_02_00_01_01/binary/armv7a/gcc/am335x/drivers/Debug/libdrivers.a(uart_irda_cir.o)
 .text.UARTWakeUpEventsEnable
                0x00000000       0x48 /home/egr/AM335X_StarterWare_02_00_01_01/binary/armv7a/gcc/am335x/drivers/Debug/libdrivers.a(uart_irda_cir.o)
 .text.UARTWakeUpEventsDisable
                0x00000000       0x4c /home/egr/AM335X_StarterWare_02_00_01_01/binary/armv7a/gcc/am335x/drivers/Debug/libdrivers.a(uart_irda_cir.o)
 .text.UARTFIFOTrigLvlGranControl
                0x00000000       0x94 /home/egr/AM335X_StarterWare_02_00_01_01/binary/armv7a/gcc/am335x/drivers/Debug/libdrivers.a(uart_irda_cir.o)
 .text.UARTDSRInterruptControl
                0x00000000       0x68 /home/egr/AM335X_StarterWare_02_00_01_01/binary/armv7a/gcc/am335x/drivers/Debug/libdrivers.a(uart_irda_cir.o)
 .text.UARTTxEmptyIntControl
                0x00000000       0x68 /home/egr/AM335X_StarterWare_02_00_01_01/binary/armv7a/gcc/am335x/drivers/Debug/libdrivers.a(uart_irda_cir.o)
 .text.UARTRXCTSDSRWakeUpConfigure
                0x00000000       0x68 /home/egr/AM335X_StarterWare_02_00_01_01/binary/armv7a/gcc/am335x/drivers/Debug/libdrivers.a(uart_irda_cir.o)
 .text.UARTRXCTSDSRTransitionStatusGet
                0x00000000       0x30 /home/egr/AM335X_StarterWare_02_00_01_01/binary/armv7a/gcc/am335x/drivers/Debug/libdrivers.a(uart_irda_cir.o)
 .text.UARTDMACounterResetControl
                0x00000000       0x68 /home/egr/AM335X_StarterWare_02_00_01_01/binary/armv7a/gcc/am335x/drivers/Debug/libdrivers.a(uart_irda_cir.o)
 .text.UARTTxFIFOFullStatusGet
                0x00000000       0x30 /home/egr/AM335X_StarterWare_02_00_01_01/binary/armv7a/gcc/am335x/drivers/Debug/libdrivers.a(uart_irda_cir.o)
 .text.UARTAutobaudParityGet
                0x00000000       0x74 /home/egr/AM335X_StarterWare_02_00_01_01/binary/armv7a/gcc/am335x/drivers/Debug/libdrivers.a(uart_irda_cir.o)
 .text.UARTAutobaudWordLenGet
                0x00000000       0x74 /home/egr/AM335X_StarterWare_02_00_01_01/binary/armv7a/gcc/am335x/drivers/Debug/libdrivers.a(uart_irda_cir.o)
 .text.UARTAutobaudSpeedGet
                0x00000000       0x74 /home/egr/AM335X_StarterWare_02_00_01_01/binary/armv7a/gcc/am335x/drivers/Debug/libdrivers.a(uart_irda_cir.o)
 .text.UARTScratchPadRegWrite
                0x00000000       0x68 /home/egr/AM335X_StarterWare_02_00_01_01/binary/armv7a/gcc/am335x/drivers/Debug/libdrivers.a(uart_irda_cir.o)
 .text.UARTScratchPadRegRead
                0x00000000       0x30 /home/egr/AM335X_StarterWare_02_00_01_01/binary/armv7a/gcc/am335x/drivers/Debug/libdrivers.a(uart_irda_cir.o)
 .text.UARTModuleVersionNumberGet
                0x00000000       0x30 /home/egr/AM335X_StarterWare_02_00_01_01/binary/armv7a/gcc/am335x/drivers/Debug/libdrivers.a(uart_irda_cir.o)
 .text.UARTTxDMAThresholdControl
                0x00000000       0x68 /home/egr/AM335X_StarterWare_02_00_01_01/binary/armv7a/gcc/am335x/drivers/Debug/libdrivers.a(uart_irda_cir.o)
 .text.UARTTxDMAThresholdValConfig
                0x00000000       0x68 /home/egr/AM335X_StarterWare_02_00_01_01/binary/armv7a/gcc/am335x/drivers/Debug/libdrivers.a(uart_irda_cir.o)

Memory Configuration

Name             Origin             Length             Attributes
*default*        0x00000000         0xffffffff

Linker script and memory map

LOAD Debug/Conf_mod.o
LOAD Debug/EGR_DCMotor.o
LOAD Debug/GPIO.o
LOAD Debug/IRSensors.o
LOAD Debug/Motorsteuerung.o
LOAD Debug/T5-Olympiade-A1.o
LOAD Debug/delay_ms.o
LOAD Debug/i2c.o
                0x80000000                . = 0x80000000
                0x80000000                . = ALIGN (0x4)

.startcode      0x80000000       0x98
 *init.o(.text)
 .text          0x80000000       0x98 /home/egr/AM335X_StarterWare_02_00_01_01/binary/armv7a/gcc/am335x/system_config/Debug/libsystem_config.a(init.o)
                0x80000000                Entry
                0x80000098                . = ALIGN (0x4)

.text           0x80000098      0x7bc
 *(.text)
 .text          0x80000098      0x47c /home/egr/AM335X_StarterWare_02_00_01_01/binary/armv7a/gcc/am335x/system_config/Debug/libsystem_config.a(cp15.o)
                0x80000098                CP15ICacheDisable
                0x800000a8                CP15DCacheDisable
                0x800000c4                CP15ICacheEnable
                0x800000d4                CP15DCacheEnable
                0x800000e4                CP15DCacheFlush
                0x80000178                CP15DCacheClean
                0x8000020c                CP15DCacheCleanFlush
                0x800002a0                CP15ICacheFlush
                0x800002b0                CP15DCacheCleanBuff
                0x80000304                CP15DCacheCleanFlushBuff
                0x80000358                CP15DCacheFlushBuff
                0x800003bc                CP15ICacheFlushBuff
                0x80000410                CP15Ttb0Set
                0x8000041c                CP15TlbInvalidate
                0x80000428                CP15MMUDisable
                0x80000440                CP15MMUEnable
                0x80000454                CP15VectorBaseAddrSet
                0x80000460                CP15BranchPredictorInvalidate
                0x8000046c                CP15BranchPredictionEnable
                0x8000047c                CP15BranchPredictionDisable
                0x8000048c                CP15DomainAccessClientSet
                0x8000049c                CP15ControlFeatureDisable
                0x800004b0                CP15ControlFeatureEnable
                0x800004c4                CP15TtbCtlTtb0Config
                0x800004d4                CP15AuxControlFeatureEnable
                0x800004e8                CP15AuxControlFeatureDisable
                0x800004fc                CP15MainIdPrimPartNumGet
 .text          0x80000514       0xe0 /home/egr/AM335X_StarterWare_02_00_01_01/binary/armv7a/gcc/am335x/system_config/Debug/libsystem_config.a(exceptionhandler.o)
                0x80000514                SVCHandler
                0x8000053c                IRQHandler
                0x800005d8                FIQHandler
                0x800005dc                UndefInstHandler
                0x800005dc                AbortHandler
 .text          0x800005f4      0x114 /home/egr/gcc-arm-none-eabi-4_8-2013q4/lib/gcc/arm-none-eabi/4.8.3//libgcc.a(_udivsi3.o)
                0x800005f4                __udivsi3
                0x800005f4                __aeabi_uidiv
                0x800006e8                __aeabi_uidivmod
 .text          0x80000708      0x148 /home/egr/gcc-arm-none-eabi-4_8-2013q4/lib/gcc/arm-none-eabi/4.8.3//libgcc.a(_divsi3.o)
                0x80000708                __aeabi_idiv
                0x80000708                __divsi3
                0x80000830                __aeabi_idivmod
 .text          0x80000850        0x4 /home/egr/gcc-arm-none-eabi-4_8-2013q4/lib/gcc/arm-none-eabi/4.8.3//libgcc.a(_dvmd_tls.o)
                0x80000850                __aeabi_ldiv0
                0x80000850                __aeabi_idiv0

.glue_7         0x80000854        0x0
 .glue_7        0x00000000        0x0 linker stubs

.glue_7t        0x80000854        0x0
 .glue_7t       0x00000000        0x0 linker stubs

.vfp11_veneer   0x80000854        0x0
 .vfp11_veneer  0x00000000        0x0 linker stubs

.v4_bx          0x80000854        0x0
 .v4_bx         0x00000000        0x0 linker stubs

.text.PinMuxing
                0x80000854      0x150
 .text.PinMuxing
                0x80000854      0x150 Debug/Conf_mod.o
                0x80000854                PinMuxing

.iplt           0x800009a4        0x0
 .iplt          0x00000000        0x0 Debug/Conf_mod.o

.text.configEHRPWM_A
                0x800009a4       0x60
 .text.configEHRPWM_A
                0x800009a4       0x60 Debug/EGR_DCMotor.o
                0x800009a4                configEHRPWM_A

.text.configEHRPWM_B
                0x80000a04       0x60
 .text.configEHRPWM_B
                0x80000a04       0x60 Debug/EGR_DCMotor.o
                0x80000a04                configEHRPWM_B

.text.EHRPWMsetDutyCycle
                0x80000a64       0x4c
 .text.EHRPWMsetDutyCycle
                0x80000a64       0x4c Debug/EGR_DCMotor.o
                0x80000a64                EHRPWMsetDutyCycle

.text.EHRPWMinitForDCMotor
                0x80000ab0      0x1dc
 .text.EHRPWMinitForDCMotor
                0x80000ab0      0x1dc Debug/EGR_DCMotor.o
                0x80000ab0                EHRPWMinitForDCMotor

.text.EGR_GPIODirSet
                0x80000c8c       0x88
 .text.EGR_GPIODirSet
                0x80000c8c       0x88 Debug/GPIO.o
                0x80000c8c                EGR_GPIODirSet

.text.EGR_PinRead
                0x80000d14       0x60
 .text.EGR_PinRead
                0x80000d14       0x60 Debug/GPIO.o
                0x80000d14                EGR_PinRead

.text.IR_initialise
                0x80000d74       0x44
 .text.IR_initialise
                0x80000d74       0x44 Debug/IRSensors.o
                0x80000d74                IR_initialise

.text.get_IR_data
                0x80000db8       0xd4
 .text.get_IR_data
                0x80000db8       0xd4 Debug/IRSensors.o
                0x80000db8                get_IR_data

.text.MotorInit_and_Mux
                0x80000e8c       0x7c
 .text.MotorInit_and_Mux
                0x80000e8c       0x7c Debug/Motorsteuerung.o
                0x80000e8c                MotorInit_and_Mux

.text.MotorSpeedSet
                0x80000f08      0x1c4
 .text.MotorSpeedSet
                0x80000f08      0x1c4 Debug/Motorsteuerung.o
                0x80000f08                MotorSpeedSet

.text.MotorLinks
                0x800010cc      0x118
 .text.MotorLinks
                0x800010cc      0x118 Debug/Motorsteuerung.o
                0x800010cc                MotorLinks

.text.MotorRechts
                0x800011e4      0x118
 .text.MotorRechts
                0x800011e4      0x118 Debug/Motorsteuerung.o
                0x800011e4                MotorRechts

.text.LinkRad_RehctsRad
                0x800012fc       0xcc
 .text.LinkRad_RehctsRad
                0x800012fc       0xcc Debug/Motorsteuerung.o
                0x800012fc                LinkRad_RehctsRad

.text.main      0x800013c8      0x344
 .text.main     0x800013c8      0x344 Debug/T5-Olympiade-A1.o
                0x800013c8                main

.text.delay_ms  0x8000170c       0x48
 .text.delay_ms
                0x8000170c       0x48 Debug/delay_ms.o
                0x8000170c                delay_ms

.text.delay_us  0x80001754       0x4c
 .text.delay_us
                0x80001754       0x4c Debug/delay_ms.o
                0x80001754                delay_us

.text.initi2c   0x800017a0      0x144
 .text.initi2c  0x800017a0      0x144 Debug/i2c.o
                0x800017a0                initi2c

.text.writetoi2c
                0x800018e4      0x158
 .text.writetoi2c
                0x800018e4      0x158 Debug/i2c.o
                0x800018e4                writetoi2c

.text.readfromi2c
                0x80001a3c      0x188
 .text.readfromi2c
                0x80001a3c      0x188 Debug/i2c.o
                0x80001a3c                readfromi2c

.text.I2CIsr    0x80001bc4       0xfc
 .text.I2CIsr   0x80001bc4       0xfc Debug/i2c.o
                0x80001bc4                I2CIsr

.text.delay     0x80001cc0       0x28
 .text.delay    0x80001cc0       0x28 /home/egr/AM335X_StarterWare_02_00_01_01/binary/armv7a/gcc/utils/Debug/libutils.a(delay.o)
                0x80001cc0                delay

.text.UARTPutc  0x80001ce8       0x30
 .text.UARTPutc
                0x80001ce8       0x30 /home/egr/AM335X_StarterWare_02_00_01_01/binary/armv7a/gcc/utils/Debug/libutils.a(uartStdio.o)
                0x80001ce8                UARTPutc

.text.UARTwrite
                0x80001d18       0x94
 .text.UARTwrite
                0x80001d18       0x94 /home/egr/AM335X_StarterWare_02_00_01_01/binary/armv7a/gcc/utils/Debug/libutils.a(uartStdio.o)
                0x80001d18                UARTwrite

.text.UARTprintf
                0x80001dac      0x6d0
 .text.UARTprintf
                0x80001dac      0x6d0 /home/egr/AM335X_StarterWare_02_00_01_01/binary/armv7a/gcc/utils/Debug/libutils.a(uartStdio.o)
                0x80001dac                UARTprintf

.text.Sysdelay  0x8000247c       0xac
 .text.Sysdelay
                0x8000247c       0xac /home/egr/AM335X_StarterWare_02_00_01_01/binary/armv7a/gcc/am335x/beaglebone/platform/Debug/libplatform.a(sysdelay.o)
                0x8000247c                Sysdelay

.text.UARTConsolePutc
                0x80002528       0x38
 .text.UARTConsolePutc
                0x80002528       0x38 /home/egr/AM335X_StarterWare_02_00_01_01/binary/armv7a/gcc/am335x/beaglebone/platform/Debug/libplatform.a(uartConsole.o)
                0x80002528                UARTConsolePutc

.text.IntDefaultHandler
                0x80002560       0x14
 .text.IntDefaultHandler
                0x80002560       0x14 /home/egr/AM335X_StarterWare_02_00_01_01/binary/armv7a/gcc/am335x/system_config/Debug/libsystem_config.a(interrupt.o)

.text.IntRegister
                0x80002574       0x34
 .text.IntRegister
                0x80002574       0x34 /home/egr/AM335X_StarterWare_02_00_01_01/binary/armv7a/gcc/am335x/system_config/Debug/libsystem_config.a(interrupt.o)
                0x80002574                IntRegister

.text.IntAINTCInit
                0x800025a8       0x8c
 .text.IntAINTCInit
                0x800025a8       0x8c /home/egr/AM335X_StarterWare_02_00_01_01/binary/armv7a/gcc/am335x/system_config/Debug/libsystem_config.a(interrupt.o)
                0x800025a8                IntAINTCInit

.text.IntPrioritySet
                0x80002634       0x54
 .text.IntPrioritySet
                0x80002634       0x54 /home/egr/AM335X_StarterWare_02_00_01_01/binary/armv7a/gcc/am335x/system_config/Debug/libsystem_config.a(interrupt.o)
                0x80002634                IntPrioritySet

.text.IntSystemEnable
                0x80002688       0x4c
 .text.IntSystemEnable
                0x80002688       0x4c /home/egr/AM335X_StarterWare_02_00_01_01/binary/armv7a/gcc/am335x/system_config/Debug/libsystem_config.a(interrupt.o)
                0x80002688                IntSystemEnable

.text.IntMasterIRQEnable
                0x800026d4       0x18
 .text.IntMasterIRQEnable
                0x800026d4       0x18 /home/egr/AM335X_StarterWare_02_00_01_01/binary/armv7a/gcc/am335x/system_config/Debug/libsystem_config.a(interrupt.o)
                0x800026d4                IntMasterIRQEnable

.text.start_boot
                0x800026ec       0x24
 .text.start_boot
                0x800026ec       0x24 /home/egr/AM335X_StarterWare_02_00_01_01/binary/armv7a/gcc/am335x/system_config/Debug/libsystem_config.a(startup.o)
                0x800026ec                start_boot

.text.CopyVectorTable
                0x80002710       0x98
 .text.CopyVectorTable
                0x80002710       0x98 /home/egr/AM335X_StarterWare_02_00_01_01/binary/armv7a/gcc/am335x/system_config/Debug/libsystem_config.a(startup.o)

.text.CPUirqe   0x800027a8       0x20
 .text.CPUirqe  0x800027a8       0x20 /home/egr/AM335X_StarterWare_02_00_01_01/binary/armv7a/gcc/am335x/system_config/Debug/libsystem_config.a(cpu.o)
                0x800027a8                CPUirqe

.text.DMTimerEnable
                0x800027c8       0x3c
 .text.DMTimerEnable
                0x800027c8       0x3c /home/egr/AM335X_StarterWare_02_00_01_01/binary/armv7a/gcc/am335x/drivers/Debug/libdrivers.a(dmtimer.o)
                0x800027c8                DMTimerEnable

.text.DMTimerCounterSet
                0x80002804       0x34
 .text.DMTimerCounterSet
                0x80002804       0x34 /home/egr/AM335X_StarterWare_02_00_01_01/binary/armv7a/gcc/am335x/drivers/Debug/libdrivers.a(dmtimer.o)
                0x80002804                DMTimerCounterSet

.text.DMTimerIntEnable
                0x80002838       0x38
 .text.DMTimerIntEnable
                0x80002838       0x38 /home/egr/AM335X_StarterWare_02_00_01_01/binary/armv7a/gcc/am335x/drivers/Debug/libdrivers.a(dmtimer.o)
                0x80002838                DMTimerIntEnable

.text.DMTimerIntDisable
                0x80002870       0x38
 .text.DMTimerIntDisable
                0x80002870       0x38 /home/egr/AM335X_StarterWare_02_00_01_01/binary/armv7a/gcc/am335x/drivers/Debug/libdrivers.a(dmtimer.o)
                0x80002870                DMTimerIntDisable

.text.UARTRegConfigModeEnable
                0x800028a8       0xac
 .text.UARTRegConfigModeEnable
                0x800028a8       0xac /home/egr/AM335X_StarterWare_02_00_01_01/binary/armv7a/gcc/am335x/drivers/Debug/libdrivers.a(uart_irda_cir.o)
                0x800028a8                UARTRegConfigModeEnable

.text.UARTCharPut
                0x80002954       0x7c
 .text.UARTCharPut
                0x80002954       0x7c /home/egr/AM335X_StarterWare_02_00_01_01/binary/armv7a/gcc/am335x/drivers/Debug/libdrivers.a(uart_irda_cir.o)
                0x80002954                UARTCharPut

.rodata         0x800029d0       0x48
 .rodata        0x800029d0       0x28 Debug/T5-Olympiade-A1.o
 .rodata        0x800029f8       0x20 /home/egr/AM335X_StarterWare_02_00_01_01/binary/armv7a/gcc/utils/Debug/libutils.a(uartStdio.o)

.rodata.g_pcHex
                0x80002a18        0x4
 .rodata.g_pcHex
                0x80002a18        0x4 /home/egr/AM335X_StarterWare_02_00_01_01/binary/armv7a/gcc/utils/Debug/libutils.a(uartStdio.o)

.rodata.AM335X_VECTOR_BASE
                0x80002a1c        0x4
 .rodata.AM335X_VECTOR_BASE
                0x80002a1c        0x4 /home/egr/AM335X_StarterWare_02_00_01_01/binary/armv7a/gcc/am335x/system_config/Debug/libsystem_config.a(startup.o)
                0x80002a1c                AM335X_VECTOR_BASE

.rodata.vecTbl  0x80002a20       0x38
 .rodata.vecTbl
                0x80002a20       0x38 /home/egr/AM335X_StarterWare_02_00_01_01/binary/armv7a/gcc/am335x/system_config/Debug/libsystem_config.a(startup.o)

.rel.dyn        0x80002a58        0x0
 .rel.iplt      0x00000000        0x0 Debug/Conf_mod.o
                0x80002a58                . = ALIGN (0x4)

.data
 *(.data)

.igot.plt       0x80002a58        0x0
 .igot.plt      0x00000000        0x0 Debug/Conf_mod.o

.data.slave_address
                0x80002a58        0x4
 .data.slave_address
                0x80002a58        0x4 Debug/IRSensors.o
                0x80002a58                slave_address

.data.turn_on   0x80002a5c        0x4
 .data.turn_on  0x80002a5c        0x4 Debug/IRSensors.o
                0x80002a5c                turn_on

.data.turn_off  0x80002a60        0x4
 .data.turn_off
                0x80002a60        0x4 Debug/IRSensors.o
                0x80002a60                turn_off

.data.configuration
                0x80002a64        0x4
 .data.configuration
                0x80002a64        0x4 Debug/IRSensors.o
                0x80002a64                configuration

.data.flagIsr   0x80002a68        0x4
 .data.flagIsr  0x80002a68        0x4 /home/egr/AM335X_StarterWare_02_00_01_01/binary/armv7a/gcc/am335x/beaglebone/platform/Debug/libplatform.a(sysdelay.o)
                0x80002a6c                . = ALIGN (0x4)
                0x80002a6c                _bss_start = .

.bss            0x80002a6c      0x270
 *(.bss)
 COMMON         0x80002a6c       0x70 Debug/i2c.o
                0x80002a6c                dataSnd
                0x80002aa0                transCount
                0x80002aa4                dataRecv
                0x80002ad8                recvCount
 COMMON         0x80002adc      0x200 /home/egr/AM335X_StarterWare_02_00_01_01/binary/armv7a/gcc/am335x/system_config/Debug/libsystem_config.a(interrupt.o)
                0x80002adc                fnRAMVectors
                0x80002cdc                . = ALIGN (0x4)
                0x80002cdc                _bss_end = .
                0x87fffff8                _stack = 0x87fffff8
LOAD /home/egr/AM335X_StarterWare_02_00_01_01/binary/armv7a/gcc/am335x/drivers/Debug/libdrivers.a
LOAD /home/egr/AM335X_StarterWare_02_00_01_01/binary/armv7a/gcc/utils/Debug/libutils.a
LOAD /home/egr/AM335X_StarterWare_02_00_01_01/binary/armv7a/gcc/am335x/beaglebone/platform/Debug/libplatform.a
LOAD /home/egr/AM335X_StarterWare_02_00_01_01/binary/armv7a/gcc/am335x/system_config/Debug/libsystem_config.a
LOAD /home/egr/gcc-arm-none-eabi-4_8-2013q4/arm-none-eabi/lib//libc.a
LOAD /home/egr/gcc-arm-none-eabi-4_8-2013q4/lib/gcc/arm-none-eabi/4.8.3//libgcc.a
LOAD /home/egr/gcc-arm-none-eabi-4_8-2013q4/arm-none-eabi/lib//libm.a
LOAD /home/egr/AM335X_StarterWare_02_00_01_01/binary/armv7a/gcc/am335x/drivers/Debug/libdrivers.a
LOAD /home/egr/AM335X_StarterWare_02_00_01_01/binary/armv7a/gcc/utils/Debug/libutils.a
LOAD /home/egr/AM335X_StarterWare_02_00_01_01/binary/armv7a/gcc/am335x/beaglebone/platform/Debug/libplatform.a
LOAD /home/egr/AM335X_StarterWare_02_00_01_01/binary/armv7a/gcc/am335x/system_config/Debug/libsystem_config.a
LOAD /home/egr/gcc-arm-none-eabi-4_8-2013q4/arm-none-eabi/lib//libc.a
LOAD /home/egr/gcc-arm-none-eabi-4_8-2013q4/lib/gcc/arm-none-eabi/4.8.3//libgcc.a
LOAD /home/egr/gcc-arm-none-eabi-4_8-2013q4/arm-none-eabi/lib//libm.a
OUTPUT(Debug/EGR_run.out elf32-littlearm)

.bss.set_input  0x80002cdc        0x4
 .bss.set_input
                0x80002cdc        0x4 Debug/IRSensors.o
                0x80002cdc                set_input

.debug_info     0x00000000     0x2f78
 .debug_info    0x00000000       0x82 Debug/Conf_mod.o
 .debug_info    0x00000082      0x105 Debug/EGR_DCMotor.o
 .debug_info    0x00000187       0xf4 Debug/GPIO.o
 .debug_info    0x0000027b      0x111 Debug/IRSensors.o
 .debug_info    0x0000038c       0xe6 Debug/Motorsteuerung.o
 .debug_info    0x00000472      0x126 Debug/T5-Olympiade-A1.o
 .debug_info    0x00000598       0x90 Debug/delay_ms.o
 .debug_info    0x00000628      0x1b2 Debug/i2c.o
 .debug_info    0x000007da       0xc3 /home/egr/AM335X_StarterWare_02_00_01_01/binary/armv7a/gcc/utils/Debug/libutils.a(delay.o)
 .debug_info    0x0000089d      0x468 /home/egr/AM335X_StarterWare_02_00_01_01/binary/armv7a/gcc/utils/Debug/libutils.a(uartStdio.o)
 .debug_info    0x00000d05      0x111 /home/egr/AM335X_StarterWare_02_00_01_01/binary/armv7a/gcc/am335x/beaglebone/platform/Debug/libplatform.a(sysdelay.o)
 .debug_info    0x00000e16      0x149 /home/egr/AM335X_StarterWare_02_00_01_01/binary/armv7a/gcc/am335x/beaglebone/platform/Debug/libplatform.a(uartConsole.o)
 .debug_info    0x00000f5f       0xa4 /home/egr/AM335X_StarterWare_02_00_01_01/binary/armv7a/gcc/am335x/system_config/Debug/libsystem_config.a(init.o)
 .debug_info    0x00001003      0x44c /home/egr/AM335X_StarterWare_02_00_01_01/binary/armv7a/gcc/am335x/system_config/Debug/libsystem_config.a(interrupt.o)
 .debug_info    0x0000144f       0xda /home/egr/AM335X_StarterWare_02_00_01_01/binary/armv7a/gcc/am335x/system_config/Debug/libsystem_config.a(startup.o)
 .debug_info    0x00001529       0xa4 /home/egr/AM335X_StarterWare_02_00_01_01/binary/armv7a/gcc/am335x/system_config/Debug/libsystem_config.a(cp15.o)
 .debug_info    0x000015cd       0xf0 /home/egr/AM335X_StarterWare_02_00_01_01/binary/armv7a/gcc/am335x/system_config/Debug/libsystem_config.a(cpu.o)
 .debug_info    0x000016bd       0xb7 /home/egr/AM335X_StarterWare_02_00_01_01/binary/armv7a/gcc/am335x/system_config/Debug/libsystem_config.a(exceptionhandler.o)
 .debug_info    0x00001774      0x547 /home/egr/AM335X_StarterWare_02_00_01_01/binary/armv7a/gcc/am335x/drivers/Debug/libdrivers.a(dmtimer.o)
 .debug_info    0x00001cbb     0x12bd /home/egr/AM335X_StarterWare_02_00_01_01/binary/armv7a/gcc/am335x/drivers/Debug/libdrivers.a(uart_irda_cir.o)

.debug_abbrev   0x00000000      0xbc0
 .debug_abbrev  0x00000000       0x48 Debug/Conf_mod.o
 .debug_abbrev  0x00000048       0x5e Debug/EGR_DCMotor.o
 .debug_abbrev  0x000000a6       0x71 Debug/GPIO.o
 .debug_abbrev  0x00000117       0x81 Debug/IRSensors.o
 .debug_abbrev  0x00000198       0x81 Debug/Motorsteuerung.o
 .debug_abbrev  0x00000219       0x97 Debug/T5-Olympiade-A1.o
 .debug_abbrev  0x000002b0       0x76 Debug/delay_ms.o
 .debug_abbrev  0x00000326       0xfb Debug/i2c.o
 .debug_abbrev  0x00000421       0x86 /home/egr/AM335X_StarterWare_02_00_01_01/binary/armv7a/gcc/utils/Debug/libutils.a(delay.o)
 .debug_abbrev  0x000004a7      0x18a /home/egr/AM335X_StarterWare_02_00_01_01/binary/armv7a/gcc/utils/Debug/libutils.a(uartStdio.o)
 .debug_abbrev  0x00000631       0x9c /home/egr/AM335X_StarterWare_02_00_01_01/binary/armv7a/gcc/am335x/beaglebone/platform/Debug/libplatform.a(sysdelay.o)
 .debug_abbrev  0x000006cd       0x97 /home/egr/AM335X_StarterWare_02_00_01_01/binary/armv7a/gcc/am335x/beaglebone/platform/Debug/libplatform.a(uartConsole.o)
 .debug_abbrev  0x00000764       0x14 /home/egr/AM335X_StarterWare_02_00_01_01/binary/armv7a/gcc/am335x/system_config/Debug/libsystem_config.a(init.o)
 .debug_abbrev  0x00000778      0x14b /home/egr/AM335X_StarterWare_02_00_01_01/binary/armv7a/gcc/am335x/system_config/Debug/libsystem_config.a(interrupt.o)
 .debug_abbrev  0x000008c3       0xa7 /home/egr/AM335X_StarterWare_02_00_01_01/binary/armv7a/gcc/am335x/system_config/Debug/libsystem_config.a(startup.o)
 .debug_abbrev  0x0000096a       0x14 /home/egr/AM335X_StarterWare_02_00_01_01/binary/armv7a/gcc/am335x/system_config/Debug/libsystem_config.a(cp15.o)
 .debug_abbrev  0x0000097e       0x5e /home/egr/AM335X_StarterWare_02_00_01_01/binary/armv7a/gcc/am335x/system_config/Debug/libsystem_config.a(cpu.o)
 .debug_abbrev  0x000009dc       0x14 /home/egr/AM335X_StarterWare_02_00_01_01/binary/armv7a/gcc/am335x/system_config/Debug/libsystem_config.a(exceptionhandler.o)
 .debug_abbrev  0x000009f0       0xf7 /home/egr/AM335X_StarterWare_02_00_01_01/binary/armv7a/gcc/am335x/drivers/Debug/libdrivers.a(dmtimer.o)
 .debug_abbrev  0x00000ae7       0xd9 /home/egr/AM335X_StarterWare_02_00_01_01/binary/armv7a/gcc/am335x/drivers/Debug/libdrivers.a(uart_irda_cir.o)

.debug_aranges  0x00000000      0x7b8
 .debug_aranges
                0x00000000       0x20 Debug/Conf_mod.o
 .debug_aranges
                0x00000020       0x38 Debug/EGR_DCMotor.o
 .debug_aranges
                0x00000058       0x30 Debug/GPIO.o
 .debug_aranges
                0x00000088       0x28 Debug/IRSensors.o
 .debug_aranges
                0x000000b0       0x40 Debug/Motorsteuerung.o
 .debug_aranges
                0x000000f0       0x20 Debug/T5-Olympiade-A1.o
 .debug_aranges
                0x00000110       0x28 Debug/delay_ms.o
 .debug_aranges
                0x00000138       0x40 Debug/i2c.o
 .debug_aranges
                0x00000178       0x40 /home/egr/AM335X_StarterWare_02_00_01_01/binary/armv7a/gcc/utils/Debug/libutils.a(delay.o)
 .debug_aranges
                0x000001b8       0x70 /home/egr/AM335X_StarterWare_02_00_01_01/binary/armv7a/gcc/utils/Debug/libutils.a(uartStdio.o)
 .debug_aranges
                0x00000228       0x48 /home/egr/AM335X_StarterWare_02_00_01_01/binary/armv7a/gcc/am335x/beaglebone/platform/Debug/libplatform.a(sysdelay.o)
 .debug_aranges
                0x00000270       0x48 /home/egr/AM335X_StarterWare_02_00_01_01/binary/armv7a/gcc/am335x/beaglebone/platform/Debug/libplatform.a(uartConsole.o)
 .debug_aranges
                0x000002b8       0x20 /home/egr/AM335X_StarterWare_02_00_01_01/binary/armv7a/gcc/am335x/system_config/Debug/libsystem_config.a(init.o)
 .debug_aranges
                0x000002d8      0x110 /home/egr/AM335X_StarterWare_02_00_01_01/binary/armv7a/gcc/am335x/system_config/Debug/libsystem_config.a(interrupt.o)
 .debug_aranges
                0x000003e8       0x28 /home/egr/AM335X_StarterWare_02_00_01_01/binary/armv7a/gcc/am335x/system_config/Debug/libsystem_config.a(startup.o)
 .debug_aranges
                0x00000410       0x20 /home/egr/AM335X_StarterWare_02_00_01_01/binary/armv7a/gcc/am335x/system_config/Debug/libsystem_config.a(cp15.o)
 .debug_aranges
                0x00000430       0x58 /home/egr/AM335X_StarterWare_02_00_01_01/binary/armv7a/gcc/am335x/system_config/Debug/libsystem_config.a(cpu.o)
 .debug_aranges
                0x00000488       0x20 /home/egr/AM335X_StarterWare_02_00_01_01/binary/armv7a/gcc/am335x/system_config/Debug/libsystem_config.a(exceptionhandler.o)
 .debug_aranges
                0x000004a8       0xd8 /home/egr/AM335X_StarterWare_02_00_01_01/binary/armv7a/gcc/am335x/drivers/Debug/libdrivers.a(dmtimer.o)
 .debug_aranges
                0x00000580      0x238 /home/egr/AM335X_StarterWare_02_00_01_01/binary/armv7a/gcc/am335x/drivers/Debug/libdrivers.a(uart_irda_cir.o)

.debug_ranges   0x00000000      0x690
 .debug_ranges  0x00000000       0x10 Debug/Conf_mod.o
 .debug_ranges  0x00000010       0x28 Debug/EGR_DCMotor.o
 .debug_ranges  0x00000038       0x20 Debug/GPIO.o
 .debug_ranges  0x00000058       0x18 Debug/IRSensors.o
 .debug_ranges  0x00000070       0x30 Debug/Motorsteuerung.o
 .debug_ranges  0x000000a0       0x10 Debug/T5-Olympiade-A1.o
 .debug_ranges  0x000000b0       0x18 Debug/delay_ms.o
 .debug_ranges  0x000000c8       0x30 Debug/i2c.o
 .debug_ranges  0x000000f8       0x38 /home/egr/AM335X_StarterWare_02_00_01_01/binary/armv7a/gcc/utils/Debug/libutils.a(delay.o)
 .debug_ranges  0x00000130       0x68 /home/egr/AM335X_StarterWare_02_00_01_01/binary/armv7a/gcc/utils/Debug/libutils.a(uartStdio.o)
 .debug_ranges  0x00000198       0x40 /home/egr/AM335X_StarterWare_02_00_01_01/binary/armv7a/gcc/am335x/beaglebone/platform/Debug/libplatform.a(sysdelay.o)
 .debug_ranges  0x000001d8       0x40 /home/egr/AM335X_StarterWare_02_00_01_01/binary/armv7a/gcc/am335x/beaglebone/platform/Debug/libplatform.a(uartConsole.o)
 .debug_ranges  0x00000218      0x108 /home/egr/AM335X_StarterWare_02_00_01_01/binary/armv7a/gcc/am335x/system_config/Debug/libsystem_config.a(interrupt.o)
 .debug_ranges  0x00000320       0x20 /home/egr/AM335X_StarterWare_02_00_01_01/binary/armv7a/gcc/am335x/system_config/Debug/libsystem_config.a(startup.o)
 .debug_ranges  0x00000340       0x50 /home/egr/AM335X_StarterWare_02_00_01_01/binary/armv7a/gcc/am335x/system_config/Debug/libsystem_config.a(cpu.o)
 .debug_ranges  0x00000390       0xd0 /home/egr/AM335X_StarterWare_02_00_01_01/binary/armv7a/gcc/am335x/drivers/Debug/libdrivers.a(dmtimer.o)
 .debug_ranges  0x00000460      0x230 /home/egr/AM335X_StarterWare_02_00_01_01/binary/armv7a/gcc/am335x/drivers/Debug/libdrivers.a(uart_irda_cir.o)

.debug_line     0x00000000     0x182d
 .debug_line    0x00000000       0x50 Debug/Conf_mod.o
 .debug_line    0x00000050       0x95 Debug/EGR_DCMotor.o
 .debug_line    0x000000e5       0x6b Debug/GPIO.o
 .debug_line    0x00000150       0x6b Debug/IRSensors.o
 .debug_line    0x000001bb       0xc3 Debug/Motorsteuerung.o
 .debug_line    0x0000027e       0x99 Debug/T5-Olympiade-A1.o
 .debug_line    0x00000317       0x60 Debug/delay_ms.o
 .debug_line    0x00000377       0xf0 Debug/i2c.o
 .debug_line    0x00000467       0x94 /home/egr/AM335X_StarterWare_02_00_01_01/binary/armv7a/gcc/utils/Debug/libutils.a(delay.o)
 .debug_line    0x000004fb      0x23f /home/egr/AM335X_StarterWare_02_00_01_01/binary/armv7a/gcc/utils/Debug/libutils.a(uartStdio.o)
 .debug_line    0x0000073a       0xd4 /home/egr/AM335X_StarterWare_02_00_01_01/binary/armv7a/gcc/am335x/beaglebone/platform/Debug/libplatform.a(sysdelay.o)
 .debug_line    0x0000080e       0xd2 /home/egr/AM335X_StarterWare_02_00_01_01/binary/armv7a/gcc/am335x/beaglebone/platform/Debug/libplatform.a(uartConsole.o)
 .debug_line    0x000008e0       0x81 /home/egr/AM335X_StarterWare_02_00_01_01/binary/armv7a/gcc/am335x/system_config/Debug/libsystem_config.a(init.o)
 .debug_line    0x00000961      0x294 /home/egr/AM335X_StarterWare_02_00_01_01/binary/armv7a/gcc/am335x/system_config/Debug/libsystem_config.a(interrupt.o)
 .debug_line    0x00000bf5       0x82 /home/egr/AM335X_StarterWare_02_00_01_01/binary/armv7a/gcc/am335x/system_config/Debug/libsystem_config.a(startup.o)
 .debug_line    0x00000c77      0x187 /home/egr/AM335X_StarterWare_02_00_01_01/binary/armv7a/gcc/am335x/system_config/Debug/libsystem_config.a(cp15.o)
 .debug_line    0x00000dfe       0xde /home/egr/AM335X_StarterWare_02_00_01_01/binary/armv7a/gcc/am335x/system_config/Debug/libsystem_config.a(cpu.o)
 .debug_line    0x00000edc       0xab /home/egr/AM335X_StarterWare_02_00_01_01/binary/armv7a/gcc/am335x/system_config/Debug/libsystem_config.a(exceptionhandler.o)
 .debug_line    0x00000f87      0x228 /home/egr/AM335X_StarterWare_02_00_01_01/binary/armv7a/gcc/am335x/drivers/Debug/libdrivers.a(dmtimer.o)
 .debug_line    0x000011af      0x67e /home/egr/AM335X_StarterWare_02_00_01_01/binary/armv7a/gcc/am335x/drivers/Debug/libdrivers.a(uart_irda_cir.o)

.debug_str      0x00000000     0x16ab
 .debug_str     0x00000000      0x13d Debug/Conf_mod.o
                                0x14a (size before relaxing)
 .debug_str     0x0000013d       0x9e Debug/EGR_DCMotor.o
                                0x19f (size before relaxing)
 .debug_str     0x000001db       0x6d Debug/GPIO.o
                                0x169 (size before relaxing)
 .debug_str     0x00000248       0x7e Debug/IRSensors.o
                                0x17f (size before relaxing)
 .debug_str     0x000002c6       0x83 Debug/Motorsteuerung.o
                                0x17d (size before relaxing)
 .debug_str     0x00000349       0x64 Debug/T5-Olympiade-A1.o
                                0x19b (size before relaxing)
 .debug_str     0x000003ad       0x29 Debug/delay_ms.o
                                0x117 (size before relaxing)
 .debug_str     0x000003d6       0x82 Debug/i2c.o
                                0x191 (size before relaxing)
 .debug_str     0x00000458       0x75 /home/egr/AM335X_StarterWare_02_00_01_01/binary/armv7a/gcc/utils/Debug/libutils.a(delay.o)
                                 0xbc (size before relaxing)
 .debug_str     0x000004cd      0x178 /home/egr/AM335X_StarterWare_02_00_01_01/binary/armv7a/gcc/utils/Debug/libutils.a(uartStdio.o)
                                0x1ee (size before relaxing)
 .debug_str     0x00000645       0xe8 /home/egr/AM335X_StarterWare_02_00_01_01/binary/armv7a/gcc/am335x/beaglebone/platform/Debug/libplatform.a(sysdelay.o)
                                0x118 (size before relaxing)
 .debug_str     0x0000072d       0xd4 /home/egr/AM335X_StarterWare_02_00_01_01/binary/armv7a/gcc/am335x/beaglebone/platform/Debug/libplatform.a(uartConsole.o)
                                0x151 (size before relaxing)
 .debug_str     0x00000801      0x2e0 /home/egr/AM335X_StarterWare_02_00_01_01/binary/armv7a/gcc/am335x/system_config/Debug/libsystem_config.a(interrupt.o)
                                0x333 (size before relaxing)
 .debug_str     0x00000ae1       0x70 /home/egr/AM335X_StarterWare_02_00_01_01/binary/armv7a/gcc/am335x/system_config/Debug/libsystem_config.a(startup.o)
                                 0xe8 (size before relaxing)
 .debug_str     0x00000b51       0x9f /home/egr/AM335X_StarterWare_02_00_01_01/binary/armv7a/gcc/am335x/system_config/Debug/libsystem_config.a(cpu.o)
                                0x103 (size before relaxing)
 .debug_str     0x00000bf0      0x2c9 /home/egr/AM335X_StarterWare_02_00_01_01/binary/armv7a/gcc/am335x/drivers/Debug/libdrivers.a(dmtimer.o)
                                0x2f0 (size before relaxing)
 .debug_str     0x00000eb9      0x7f2 /home/egr/AM335X_StarterWare_02_00_01_01/binary/armv7a/gcc/am335x/drivers/Debug/libdrivers.a(uart_irda_cir.o)
                                0x89a (size before relaxing)

.comment        0x00000000      0x1f3
 .comment       0x00000000       0x70 Debug/Conf_mod.o
                                 0x71 (size before relaxing)
 .comment       0x00000000       0x71 Debug/EGR_DCMotor.o
 .comment       0x00000000       0x71 Debug/GPIO.o
 .comment       0x00000000       0x71 Debug/IRSensors.o
 .comment       0x00000000       0x71 Debug/Motorsteuerung.o
 .comment       0x00000000       0x71 Debug/T5-Olympiade-A1.o
 .comment       0x00000000       0x71 Debug/delay_ms.o
 .comment       0x00000000       0x71 Debug/i2c.o
 .comment       0x00000070       0x2b /home/egr/AM335X_StarterWare_02_00_01_01/binary/armv7a/gcc/utils/Debug/libutils.a(delay.o)
 .comment       0x0000009b       0x2b /home/egr/AM335X_StarterWare_02_00_01_01/binary/armv7a/gcc/utils/Debug/libutils.a(uartStdio.o)
 .comment       0x000000c6       0x2b /home/egr/AM335X_StarterWare_02_00_01_01/binary/armv7a/gcc/am335x/beaglebone/platform/Debug/libplatform.a(sysdelay.o)
 .comment       0x000000f1       0x2b /home/egr/AM335X_StarterWare_02_00_01_01/binary/armv7a/gcc/am335x/beaglebone/platform/Debug/libplatform.a(uartConsole.o)
 .comment       0x0000011c       0x2b /home/egr/AM335X_StarterWare_02_00_01_01/binary/armv7a/gcc/am335x/system_config/Debug/libsystem_config.a(interrupt.o)
 .comment       0x00000147       0x2b /home/egr/AM335X_StarterWare_02_00_01_01/binary/armv7a/gcc/am335x/system_config/Debug/libsystem_config.a(startup.o)
 .comment       0x00000172       0x2b /home/egr/AM335X_StarterWare_02_00_01_01/binary/armv7a/gcc/am335x/system_config/Debug/libsystem_config.a(cpu.o)
 .comment       0x0000019d       0x2b /home/egr/AM335X_StarterWare_02_00_01_01/binary/armv7a/gcc/am335x/drivers/Debug/libdrivers.a(dmtimer.o)
 .comment       0x000001c8       0x2b /home/egr/AM335X_StarterWare_02_00_01_01/binary/armv7a/gcc/am335x/drivers/Debug/libdrivers.a(uart_irda_cir.o)

.ARM.attributes
                0x00000000       0x35
 .ARM.attributes
                0x00000000       0x37 Debug/Conf_mod.o
 .ARM.attributes
                0x00000037       0x37 Debug/EGR_DCMotor.o
 .ARM.attributes
                0x0000006e       0x37 Debug/GPIO.o
 .ARM.attributes
                0x000000a5       0x37 Debug/IRSensors.o
 .ARM.attributes
                0x000000dc       0x37 Debug/Motorsteuerung.o
 .ARM.attributes
                0x00000113       0x37 Debug/T5-Olympiade-A1.o
 .ARM.attributes
                0x0000014a       0x37 Debug/delay_ms.o
 .ARM.attributes
                0x00000181       0x37 Debug/i2c.o
 .ARM.attributes
                0x000001b8       0x33 /home/egr/AM335X_StarterWare_02_00_01_01/binary/armv7a/gcc/utils/Debug/libutils.a(delay.o)
 .ARM.attributes
                0x000001eb       0x33 /home/egr/AM335X_StarterWare_02_00_01_01/binary/armv7a/gcc/utils/Debug/libutils.a(uartStdio.o)
 .ARM.attributes
                0x0000021e       0x33 /home/egr/AM335X_StarterWare_02_00_01_01/binary/armv7a/gcc/am335x/beaglebone/platform/Debug/libplatform.a(sysdelay.o)
 .ARM.attributes
                0x00000251       0x33 /home/egr/AM335X_StarterWare_02_00_01_01/binary/armv7a/gcc/am335x/beaglebone/platform/Debug/libplatform.a(uartConsole.o)
 .ARM.attributes
                0x00000284       0x23 /home/egr/AM335X_StarterWare_02_00_01_01/binary/armv7a/gcc/am335x/system_config/Debug/libsystem_config.a(init.o)
 .ARM.attributes
                0x000002a7       0x33 /home/egr/AM335X_StarterWare_02_00_01_01/binary/armv7a/gcc/am335x/system_config/Debug/libsystem_config.a(interrupt.o)
 .ARM.attributes
                0x000002da       0x33 /home/egr/AM335X_StarterWare_02_00_01_01/binary/armv7a/gcc/am335x/system_config/Debug/libsystem_config.a(startup.o)
 .ARM.attributes
                0x0000030d       0x23 /home/egr/AM335X_StarterWare_02_00_01_01/binary/armv7a/gcc/am335x/system_config/Debug/libsystem_config.a(cp15.o)
 .ARM.attributes
                0x00000330       0x33 /home/egr/AM335X_StarterWare_02_00_01_01/binary/armv7a/gcc/am335x/system_config/Debug/libsystem_config.a(cpu.o)
 .ARM.attributes
                0x00000363       0x23 /home/egr/AM335X_StarterWare_02_00_01_01/binary/armv7a/gcc/am335x/system_config/Debug/libsystem_config.a(exceptionhandler.o)
 .ARM.attributes
                0x00000386       0x18 /home/egr/gcc-arm-none-eabi-4_8-2013q4/lib/gcc/arm-none-eabi/4.8.3//libgcc.a(_udivsi3.o)
 .ARM.attributes
                0x0000039e       0x18 /home/egr/gcc-arm-none-eabi-4_8-2013q4/lib/gcc/arm-none-eabi/4.8.3//libgcc.a(_divsi3.o)
 .ARM.attributes
                0x000003b6       0x18 /home/egr/gcc-arm-none-eabi-4_8-2013q4/lib/gcc/arm-none-eabi/4.8.3//libgcc.a(_dvmd_tls.o)
 .ARM.attributes
                0x000003ce       0x33 /home/egr/AM335X_StarterWare_02_00_01_01/binary/armv7a/gcc/am335x/drivers/Debug/libdrivers.a(dmtimer.o)
 .ARM.attributes
                0x00000401       0x33 /home/egr/AM335X_StarterWare_02_00_01_01/binary/armv7a/gcc/am335x/drivers/Debug/libdrivers.a(uart_irda_cir.o)

.debug_frame    0x00000000     0x13d0
 .debug_frame   0x00000000       0x28 Debug/Conf_mod.o
 .debug_frame   0x00000028       0x70 Debug/EGR_DCMotor.o
 .debug_frame   0x00000098       0x58 Debug/GPIO.o
 .debug_frame   0x000000f0       0x48 Debug/IRSensors.o
 .debug_frame   0x00000138       0x9c Debug/Motorsteuerung.o
 .debug_frame   0x000001d4       0x2c Debug/T5-Olympiade-A1.o
 .debug_frame   0x00000200       0x40 Debug/delay_ms.o
 .debug_frame   0x00000240       0x94 Debug/i2c.o
 .debug_frame   0x000002d4       0x9c /home/egr/AM335X_StarterWare_02_00_01_01/binary/armv7a/gcc/utils/Debug/libutils.a(delay.o)
 .debug_frame   0x00000370      0x154 /home/egr/AM335X_StarterWare_02_00_01_01/binary/armv7a/gcc/utils/Debug/libutils.a(uartStdio.o)
 .debug_frame   0x000004c4       0xb4 /home/egr/AM335X_StarterWare_02_00_01_01/binary/armv7a/gcc/am335x/beaglebone/platform/Debug/libplatform.a(sysdelay.o)
 .debug_frame   0x00000578       0xb8 /home/egr/AM335X_StarterWare_02_00_01_01/binary/armv7a/gcc/am335x/beaglebone/platform/Debug/libplatform.a(uartConsole.o)
 .debug_frame   0x00000630      0x314 /home/egr/AM335X_StarterWare_02_00_01_01/binary/armv7a/gcc/am335x/system_config/Debug/libsystem_config.a(interrupt.o)
 .debug_frame   0x00000944       0x48 /home/egr/AM335X_StarterWare_02_00_01_01/binary/armv7a/gcc/am335x/system_config/Debug/libsystem_config.a(startup.o)
 .debug_frame   0x0000098c       0xd0 /home/egr/AM335X_StarterWare_02_00_01_01/binary/armv7a/gcc/am335x/system_config/Debug/libsystem_config.a(cpu.o)
 .debug_frame   0x00000a5c       0x20 /home/egr/gcc-arm-none-eabi-4_8-2013q4/lib/gcc/arm-none-eabi/4.8.3//libgcc.a(_udivsi3.o)
 .debug_frame   0x00000a7c       0x20 /home/egr/gcc-arm-none-eabi-4_8-2013q4/lib/gcc/arm-none-eabi/4.8.3//libgcc.a(_divsi3.o)
 .debug_frame   0x00000a9c      0x250 /home/egr/AM335X_StarterWare_02_00_01_01/binary/armv7a/gcc/am335x/drivers/Debug/libdrivers.a(dmtimer.o)
 .debug_frame   0x00000cec      0x6e4 /home/egr/AM335X_StarterWare_02_00_01_01/binary/armv7a/gcc/am335x/drivers/Debug/libdrivers.a(uart_irda_cir.o)

.debug_loc      0x00000000     0x1b17
 .debug_loc     0x00000000       0xd7 /home/egr/AM335X_StarterWare_02_00_01_01/binary/armv7a/gcc/utils/Debug/libutils.a(delay.o)
 .debug_loc     0x000000d7      0x1e5 /home/egr/AM335X_StarterWare_02_00_01_01/binary/armv7a/gcc/utils/Debug/libutils.a(uartStdio.o)
 .debug_loc     0x000002bc      0x102 /home/egr/AM335X_StarterWare_02_00_01_01/binary/armv7a/gcc/am335x/beaglebone/platform/Debug/libplatform.a(sysdelay.o)
 .debug_loc     0x000003be      0x102 /home/egr/AM335X_StarterWare_02_00_01_01/binary/armv7a/gcc/am335x/beaglebone/platform/Debug/libplatform.a(uartConsole.o)
 .debug_loc     0x000004c0      0x535 /home/egr/AM335X_StarterWare_02_00_01_01/binary/armv7a/gcc/am335x/system_config/Debug/libsystem_config.a(interrupt.o)
 .debug_loc     0x000009f5       0x56 /home/egr/AM335X_StarterWare_02_00_01_01/binary/armv7a/gcc/am335x/system_config/Debug/libsystem_config.a(startup.o)
 .debug_loc     0x00000a4b      0x158 /home/egr/AM335X_StarterWare_02_00_01_01/binary/armv7a/gcc/am335x/system_config/Debug/libsystem_config.a(cpu.o)
 .debug_loc     0x00000ba3      0x408 /home/egr/AM335X_StarterWare_02_00_01_01/binary/armv7a/gcc/am335x/drivers/Debug/libdrivers.a(dmtimer.o)
 .debug_loc     0x00000fab      0xb6c /home/egr/AM335X_StarterWare_02_00_01_01/binary/armv7a/gcc/am335x/drivers/Debug/libdrivers.a(uart_irda_cir.o)

.debug_pubnames
                0x00000000      0xeb3
 .debug_pubnames
                0x00000000       0x60 /home/egr/AM335X_StarterWare_02_00_01_01/binary/armv7a/gcc/utils/Debug/libutils.a(delay.o)
 .debug_pubnames
                0x00000060       0xb7 /home/egr/AM335X_StarterWare_02_00_01_01/binary/armv7a/gcc/utils/Debug/libutils.a(uartStdio.o)
 .debug_pubnames
                0x00000117       0x6f /home/egr/AM335X_StarterWare_02_00_01_01/binary/armv7a/gcc/am335x/beaglebone/platform/Debug/libplatform.a(sysdelay.o)
 .debug_pubnames
                0x00000186       0x4e /home/egr/AM335X_StarterWare_02_00_01_01/binary/armv7a/gcc/am335x/beaglebone/platform/Debug/libplatform.a(uartConsole.o)
 .debug_pubnames
                0x000001d4      0x2cc /home/egr/AM335X_StarterWare_02_00_01_01/binary/armv7a/gcc/am335x/system_config/Debug/libsystem_config.a(interrupt.o)
 .debug_pubnames
                0x000004a0       0x38 /home/egr/AM335X_StarterWare_02_00_01_01/binary/armv7a/gcc/am335x/system_config/Debug/libsystem_config.a(startup.o)
 .debug_pubnames
                0x000004d8       0x9d /home/egr/AM335X_StarterWare_02_00_01_01/binary/armv7a/gcc/am335x/system_config/Debug/libsystem_config.a(cpu.o)
 .debug_pubnames
                0x00000575      0x244 /home/egr/AM335X_StarterWare_02_00_01_01/binary/armv7a/gcc/am335x/drivers/Debug/libdrivers.a(dmtimer.o)
 .debug_pubnames
                0x000007b9      0x6fa /home/egr/AM335X_StarterWare_02_00_01_01/binary/armv7a/gcc/am335x/drivers/Debug/libdrivers.a(uart_irda_cir.o)
