Archive member included because of file (symbol)

/home/egr/AM335X_StarterWare_02_00_01_01/binary/armv7a/gcc/am335x/system_config/Debug/libsystem_config.a(init.o)
                              (Entry)
/home/egr/AM335X_StarterWare_02_00_01_01/binary/armv7a/gcc/am335x/system_config/Debug/libsystem_config.a(interrupt.o)
                              Debug/i2c.o (IntRegister)
/home/egr/AM335X_StarterWare_02_00_01_01/binary/armv7a/gcc/am335x/system_config/Debug/libsystem_config.a(startup.o)
                              /home/egr/AM335X_StarterWare_02_00_01_01/binary/armv7a/gcc/am335x/system_config/Debug/libsystem_config.a(init.o) (start_boot)
/home/egr/AM335X_StarterWare_02_00_01_01/binary/armv7a/gcc/am335x/system_config/Debug/libsystem_config.a(cp15.o)
                              /home/egr/AM335X_StarterWare_02_00_01_01/binary/armv7a/gcc/am335x/system_config/Debug/libsystem_config.a(startup.o) (CP15VectorBaseAddrSet)
/home/egr/AM335X_StarterWare_02_00_01_01/binary/armv7a/gcc/am335x/system_config/Debug/libsystem_config.a(cpu.o)
                              /home/egr/AM335X_StarterWare_02_00_01_01/binary/armv7a/gcc/am335x/system_config/Debug/libsystem_config.a(interrupt.o) (CPUIntStatus)
/home/egr/AM335X_StarterWare_02_00_01_01/binary/armv7a/gcc/am335x/system_config/Debug/libsystem_config.a(exceptionhandler.o)
                              /home/egr/AM335X_StarterWare_02_00_01_01/binary/armv7a/gcc/am335x/system_config/Debug/libsystem_config.a(startup.o) (IRQHandler)
/home/egr/gcc-arm-none-eabi-4_8-2013q4/lib/gcc/arm-none-eabi/4.8.3//libgcc.a(_udivsi3.o)
                              (__aeabi_uidiv)
/home/egr/gcc-arm-none-eabi-4_8-2013q4/lib/gcc/arm-none-eabi/4.8.3//libgcc.a(_divsi3.o)
                              (__aeabi_idiv)
/home/egr/gcc-arm-none-eabi-4_8-2013q4/lib/gcc/arm-none-eabi/4.8.3//libgcc.a(_dvmd_tls.o)
                              /home/egr/gcc-arm-none-eabi-4_8-2013q4/lib/gcc/arm-none-eabi/4.8.3//libgcc.a(_udivsi3.o) (__aeabi_idiv0)

Allocating common symbols
Common symbol       size              file

dataSnd             0x32              Debug/i2c.o
transCount          0x4               Debug/i2c.o
dataRecv            0x32              Debug/i2c.o
recvCount           0x4               Debug/i2c.o
fnRAMVectors        0x200             /home/egr/AM335X_StarterWare_02_00_01_01/binary/armv7a/gcc/am335x/system_config/Debug/libsystem_config.a(interrupt.o)

Discarded input sections

 .text          0x00000000        0x0 Debug/Conf_mod.o
 .data          0x00000000        0x0 Debug/Conf_mod.o
 .bss           0x00000000        0x0 Debug/Conf_mod.o
 .text          0x00000000        0x0 Debug/EGR_DCMotor.o
 .data          0x00000000        0x0 Debug/EGR_DCMotor.o
 .bss           0x00000000        0x0 Debug/EGR_DCMotor.o
 .text          0x00000000        0x0 Debug/GPIO.o
 .data          0x00000000        0x0 Debug/GPIO.o
 .bss           0x00000000        0x0 Debug/GPIO.o
 .text.EGR_GPIODirSet
                0x00000000       0x88 Debug/GPIO.o
 .text.EGR_PinWrite
                0x00000000       0x88 Debug/GPIO.o
 .text.EGR_PinRead
                0x00000000       0x60 Debug/GPIO.o
 .debug_info    0x00000000       0xf4 Debug/GPIO.o
 .debug_abbrev  0x00000000       0x71 Debug/GPIO.o
 .debug_aranges
                0x00000000       0x30 Debug/GPIO.o
 .debug_ranges  0x00000000       0x20 Debug/GPIO.o
 .debug_line    0x00000000       0x6b Debug/GPIO.o
 .debug_str     0x00000000      0x169 Debug/GPIO.o
 .comment       0x00000000       0x71 Debug/GPIO.o
 .ARM.attributes
                0x00000000       0x37 Debug/GPIO.o
 .debug_frame   0x00000000       0x58 Debug/GPIO.o
 .text          0x00000000        0x0 Debug/IRSensors.o
 .data          0x00000000        0x0 Debug/IRSensors.o
 .bss           0x00000000        0x0 Debug/IRSensors.o
 .data.data_length
                0x00000000        0x1 Debug/IRSensors.o
 .text          0x00000000        0x0 Debug/Motorsteuerung.o
 .data          0x00000000        0x0 Debug/Motorsteuerung.o
 .bss           0x00000000        0x0 Debug/Motorsteuerung.o
 .text          0x00000000        0x0 Debug/T5-Olympiade-A2.o
 .data          0x00000000        0x0 Debug/T5-Olympiade-A2.o
 .bss           0x00000000        0x0 Debug/T5-Olympiade-A2.o
 .text          0x00000000        0x0 Debug/delay_ms.o
 .data          0x00000000        0x0 Debug/delay_ms.o
 .bss           0x00000000        0x0 Debug/delay_ms.o
 .text          0x00000000        0x0 Debug/i2c.o
 .data          0x00000000        0x0 Debug/i2c.o
 .bss           0x00000000        0x0 Debug/i2c.o
 .text.CleanUpInterrupts
                0x00000000       0x54 Debug/i2c.o
 .data          0x00000000        0x0 /home/egr/AM335X_StarterWare_02_00_01_01/binary/armv7a/gcc/am335x/system_config/Debug/libsystem_config.a(init.o)
 .bss           0x00000000        0x0 /home/egr/AM335X_StarterWare_02_00_01_01/binary/armv7a/gcc/am335x/system_config/Debug/libsystem_config.a(init.o)
 .text          0x00000000        0x0 /home/egr/AM335X_StarterWare_02_00_01_01/binary/armv7a/gcc/am335x/system_config/Debug/libsystem_config.a(interrupt.o)
 .data          0x00000000        0x0 /home/egr/AM335X_StarterWare_02_00_01_01/binary/armv7a/gcc/am335x/system_config/Debug/libsystem_config.a(interrupt.o)
 .bss           0x00000000        0x0 /home/egr/AM335X_StarterWare_02_00_01_01/binary/armv7a/gcc/am335x/system_config/Debug/libsystem_config.a(interrupt.o)
 .text.IntUnRegister
                0x00000000       0x34 /home/egr/AM335X_StarterWare_02_00_01_01/binary/armv7a/gcc/am335x/system_config/Debug/libsystem_config.a(interrupt.o)
 .text.IntSystemDisable
                0x00000000       0x4c /home/egr/AM335X_StarterWare_02_00_01_01/binary/armv7a/gcc/am335x/system_config/Debug/libsystem_config.a(interrupt.o)
 .text.IntIfClkFreeRunSet
                0x00000000       0x30 /home/egr/AM335X_StarterWare_02_00_01_01/binary/armv7a/gcc/am335x/system_config/Debug/libsystem_config.a(interrupt.o)
 .text.IntIfClkAutoGateSet
                0x00000000       0x30 /home/egr/AM335X_StarterWare_02_00_01_01/binary/armv7a/gcc/am335x/system_config/Debug/libsystem_config.a(interrupt.o)
 .text.IntActiveIrqNumGet
                0x00000000       0x28 /home/egr/AM335X_StarterWare_02_00_01_01/binary/armv7a/gcc/am335x/system_config/Debug/libsystem_config.a(interrupt.o)
 .text.IntSpurIrqFlagGet
                0x00000000       0x28 /home/egr/AM335X_StarterWare_02_00_01_01/binary/armv7a/gcc/am335x/system_config/Debug/libsystem_config.a(interrupt.o)
 .text.IntProtectionEnable
                0x00000000       0x24 /home/egr/AM335X_StarterWare_02_00_01_01/binary/armv7a/gcc/am335x/system_config/Debug/libsystem_config.a(interrupt.o)
 .text.IntProtectionDisable
                0x00000000       0x30 /home/egr/AM335X_StarterWare_02_00_01_01/binary/armv7a/gcc/am335x/system_config/Debug/libsystem_config.a(interrupt.o)
 .text.IntSyncClkFreeRunSet
                0x00000000       0x30 /home/egr/AM335X_StarterWare_02_00_01_01/binary/armv7a/gcc/am335x/system_config/Debug/libsystem_config.a(interrupt.o)
 .text.IntSyncClkAutoGateSet
                0x00000000       0x30 /home/egr/AM335X_StarterWare_02_00_01_01/binary/armv7a/gcc/am335x/system_config/Debug/libsystem_config.a(interrupt.o)
 .text.IntFuncClkFreeRunSet
                0x00000000       0x30 /home/egr/AM335X_StarterWare_02_00_01_01/binary/armv7a/gcc/am335x/system_config/Debug/libsystem_config.a(interrupt.o)
 .text.IntFuncClkAutoGateSet
                0x00000000       0x30 /home/egr/AM335X_StarterWare_02_00_01_01/binary/armv7a/gcc/am335x/system_config/Debug/libsystem_config.a(interrupt.o)
 .text.IntCurrIrqPriorityGet
                0x00000000       0x28 /home/egr/AM335X_StarterWare_02_00_01_01/binary/armv7a/gcc/am335x/system_config/Debug/libsystem_config.a(interrupt.o)
 .text.IntPriorityThresholdGet
                0x00000000       0x28 /home/egr/AM335X_StarterWare_02_00_01_01/binary/armv7a/gcc/am335x/system_config/Debug/libsystem_config.a(interrupt.o)
 .text.IntPriorityThresholdSet
                0x00000000       0x30 /home/egr/AM335X_StarterWare_02_00_01_01/binary/armv7a/gcc/am335x/system_config/Debug/libsystem_config.a(interrupt.o)
 .text.IntRawStatusGet
                0x00000000       0x4c /home/egr/AM335X_StarterWare_02_00_01_01/binary/armv7a/gcc/am335x/system_config/Debug/libsystem_config.a(interrupt.o)
 .text.IntSoftwareIntSet
                0x00000000       0x4c /home/egr/AM335X_StarterWare_02_00_01_01/binary/armv7a/gcc/am335x/system_config/Debug/libsystem_config.a(interrupt.o)
 .text.IntSoftwareIntClear
                0x00000000       0x4c /home/egr/AM335X_StarterWare_02_00_01_01/binary/armv7a/gcc/am335x/system_config/Debug/libsystem_config.a(interrupt.o)
 .text.IntPendingIrqMaskedStatusGet
                0x00000000       0x54 /home/egr/AM335X_StarterWare_02_00_01_01/binary/armv7a/gcc/am335x/system_config/Debug/libsystem_config.a(interrupt.o)
 .text.IntMasterIRQDisable
                0x00000000       0x18 /home/egr/AM335X_StarterWare_02_00_01_01/binary/armv7a/gcc/am335x/system_config/Debug/libsystem_config.a(interrupt.o)
 .text.IntMasterFIQEnable
                0x00000000       0x18 /home/egr/AM335X_StarterWare_02_00_01_01/binary/armv7a/gcc/am335x/system_config/Debug/libsystem_config.a(interrupt.o)
 .text.IntMasterFIQDisable
                0x00000000       0x18 /home/egr/AM335X_StarterWare_02_00_01_01/binary/armv7a/gcc/am335x/system_config/Debug/libsystem_config.a(interrupt.o)
 .text.IntMasterStatusGet
                0x00000000       0x20 /home/egr/AM335X_StarterWare_02_00_01_01/binary/armv7a/gcc/am335x/system_config/Debug/libsystem_config.a(interrupt.o)
 .text.IntDisable
                0x00000000       0x3c /home/egr/AM335X_StarterWare_02_00_01_01/binary/armv7a/gcc/am335x/system_config/Debug/libsystem_config.a(interrupt.o)
 .text.IntEnable
                0x00000000       0x38 /home/egr/AM335X_StarterWare_02_00_01_01/binary/armv7a/gcc/am335x/system_config/Debug/libsystem_config.a(interrupt.o)
 .text          0x00000000        0x0 /home/egr/AM335X_StarterWare_02_00_01_01/binary/armv7a/gcc/am335x/system_config/Debug/libsystem_config.a(startup.o)
 .data          0x00000000        0x0 /home/egr/AM335X_StarterWare_02_00_01_01/binary/armv7a/gcc/am335x/system_config/Debug/libsystem_config.a(startup.o)
 .bss           0x00000000        0x0 /home/egr/AM335X_StarterWare_02_00_01_01/binary/armv7a/gcc/am335x/system_config/Debug/libsystem_config.a(startup.o)
 .data          0x00000000        0x0 /home/egr/AM335X_StarterWare_02_00_01_01/binary/armv7a/gcc/am335x/system_config/Debug/libsystem_config.a(cp15.o)
 .bss           0x00000000        0x0 /home/egr/AM335X_StarterWare_02_00_01_01/binary/armv7a/gcc/am335x/system_config/Debug/libsystem_config.a(cp15.o)
 .text          0x00000000        0x0 /home/egr/AM335X_StarterWare_02_00_01_01/binary/armv7a/gcc/am335x/system_config/Debug/libsystem_config.a(cpu.o)
 .data          0x00000000        0x0 /home/egr/AM335X_StarterWare_02_00_01_01/binary/armv7a/gcc/am335x/system_config/Debug/libsystem_config.a(cpu.o)
 .bss           0x00000000        0x0 /home/egr/AM335X_StarterWare_02_00_01_01/binary/armv7a/gcc/am335x/system_config/Debug/libsystem_config.a(cpu.o)
 .text.CPUSwitchToPrivilegedMode
                0x00000000       0x18 /home/egr/AM335X_StarterWare_02_00_01_01/binary/armv7a/gcc/am335x/system_config/Debug/libsystem_config.a(cpu.o)
 .text.CPUSwitchToUserMode
                0x00000000       0x24 /home/egr/AM335X_StarterWare_02_00_01_01/binary/armv7a/gcc/am335x/system_config/Debug/libsystem_config.a(cpu.o)
 .text.CPUAbortHandler
                0x00000000       0x14 /home/egr/AM335X_StarterWare_02_00_01_01/binary/armv7a/gcc/am335x/system_config/Debug/libsystem_config.a(cpu.o)
 .text.CPUIntStatus
                0x00000000       0x2c /home/egr/AM335X_StarterWare_02_00_01_01/binary/armv7a/gcc/am335x/system_config/Debug/libsystem_config.a(cpu.o)
 .text.CPUirqd  0x00000000       0x20 /home/egr/AM335X_StarterWare_02_00_01_01/binary/armv7a/gcc/am335x/system_config/Debug/libsystem_config.a(cpu.o)
 .text.CPUfiqd  0x00000000       0x20 /home/egr/AM335X_StarterWare_02_00_01_01/binary/armv7a/gcc/am335x/system_config/Debug/libsystem_config.a(cpu.o)
 .text.CPUfiqe  0x00000000       0x20 /home/egr/AM335X_StarterWare_02_00_01_01/binary/armv7a/gcc/am335x/system_config/Debug/libsystem_config.a(cpu.o)
 .data          0x00000000        0x0 /home/egr/AM335X_StarterWare_02_00_01_01/binary/armv7a/gcc/am335x/system_config/Debug/libsystem_config.a(exceptionhandler.o)
 .bss           0x00000000        0x0 /home/egr/AM335X_StarterWare_02_00_01_01/binary/armv7a/gcc/am335x/system_config/Debug/libsystem_config.a(exceptionhandler.o)
 .data          0x00000000        0x0 /home/egr/gcc-arm-none-eabi-4_8-2013q4/lib/gcc/arm-none-eabi/4.8.3//libgcc.a(_udivsi3.o)
 .bss           0x00000000        0x0 /home/egr/gcc-arm-none-eabi-4_8-2013q4/lib/gcc/arm-none-eabi/4.8.3//libgcc.a(_udivsi3.o)
 .data          0x00000000        0x0 /home/egr/gcc-arm-none-eabi-4_8-2013q4/lib/gcc/arm-none-eabi/4.8.3//libgcc.a(_divsi3.o)
 .bss           0x00000000        0x0 /home/egr/gcc-arm-none-eabi-4_8-2013q4/lib/gcc/arm-none-eabi/4.8.3//libgcc.a(_divsi3.o)
 .data          0x00000000        0x0 /home/egr/gcc-arm-none-eabi-4_8-2013q4/lib/gcc/arm-none-eabi/4.8.3//libgcc.a(_dvmd_tls.o)
 .bss           0x00000000        0x0 /home/egr/gcc-arm-none-eabi-4_8-2013q4/lib/gcc/arm-none-eabi/4.8.3//libgcc.a(_dvmd_tls.o)

Memory Configuration

Name             Origin             Length             Attributes
*default*        0x00000000         0xffffffff

Linker script and memory map

LOAD Debug/Conf_mod.o
LOAD Debug/EGR_DCMotor.o
LOAD Debug/GPIO.o
LOAD Debug/IRSensors.o
LOAD Debug/Motorsteuerung.o
LOAD Debug/T5-Olympiade-A2.o
LOAD Debug/delay_ms.o
LOAD Debug/i2c.o
                0x80000000                . = 0x80000000
                0x80000000                . = ALIGN (0x4)

.startcode      0x80000000       0x98
 *init.o(.text)
 .text          0x80000000       0x98 /home/egr/AM335X_StarterWare_02_00_01_01/binary/armv7a/gcc/am335x/system_config/Debug/libsystem_config.a(init.o)
                0x80000000                Entry
                0x80000098                . = ALIGN (0x4)

.text           0x80000098      0x7bc
 *(.text)
 .text          0x80000098      0x47c /home/egr/AM335X_StarterWare_02_00_01_01/binary/armv7a/gcc/am335x/system_config/Debug/libsystem_config.a(cp15.o)
                0x80000098                CP15ICacheDisable
                0x800000a8                CP15DCacheDisable
                0x800000c4                CP15ICacheEnable
                0x800000d4                CP15DCacheEnable
                0x800000e4                CP15DCacheFlush
                0x80000178                CP15DCacheClean
                0x8000020c                CP15DCacheCleanFlush
                0x800002a0                CP15ICacheFlush
                0x800002b0                CP15DCacheCleanBuff
                0x80000304                CP15DCacheCleanFlushBuff
                0x80000358                CP15DCacheFlushBuff
                0x800003bc                CP15ICacheFlushBuff
                0x80000410                CP15Ttb0Set
                0x8000041c                CP15TlbInvalidate
                0x80000428                CP15MMUDisable
                0x80000440                CP15MMUEnable
                0x80000454                CP15VectorBaseAddrSet
                0x80000460                CP15BranchPredictorInvalidate
                0x8000046c                CP15BranchPredictionEnable
                0x8000047c                CP15BranchPredictionDisable
                0x8000048c                CP15DomainAccessClientSet
                0x8000049c                CP15ControlFeatureDisable
                0x800004b0                CP15ControlFeatureEnable
                0x800004c4                CP15TtbCtlTtb0Config
                0x800004d4                CP15AuxControlFeatureEnable
                0x800004e8                CP15AuxControlFeatureDisable
                0x800004fc                CP15MainIdPrimPartNumGet
 .text          0x80000514       0xe0 /home/egr/AM335X_StarterWare_02_00_01_01/binary/armv7a/gcc/am335x/system_config/Debug/libsystem_config.a(exceptionhandler.o)
                0x80000514                SVCHandler
                0x8000053c                IRQHandler
                0x800005d8                FIQHandler
                0x800005dc                UndefInstHandler
                0x800005dc                AbortHandler
 .text          0x800005f4      0x114 /home/egr/gcc-arm-none-eabi-4_8-2013q4/lib/gcc/arm-none-eabi/4.8.3//libgcc.a(_udivsi3.o)
                0x800005f4                __udivsi3
                0x800005f4                __aeabi_uidiv
                0x800006e8                __aeabi_uidivmod
 .text          0x80000708      0x148 /home/egr/gcc-arm-none-eabi-4_8-2013q4/lib/gcc/arm-none-eabi/4.8.3//libgcc.a(_divsi3.o)
                0x80000708                __aeabi_idiv
                0x80000708                __divsi3
                0x80000830                __aeabi_idivmod
 .text          0x80000850        0x4 /home/egr/gcc-arm-none-eabi-4_8-2013q4/lib/gcc/arm-none-eabi/4.8.3//libgcc.a(_dvmd_tls.o)
                0x80000850                __aeabi_ldiv0
                0x80000850                __aeabi_idiv0

.glue_7         0x80000854        0x0
 .glue_7        0x00000000        0x0 linker stubs

.glue_7t        0x80000854        0x0
 .glue_7t       0x00000000        0x0 linker stubs

.vfp11_veneer   0x80000854        0x0
 .vfp11_veneer  0x00000000        0x0 linker stubs

.v4_bx          0x80000854        0x0
 .v4_bx         0x00000000        0x0 linker stubs

.text.PinMuxing
                0x80000854      0x150
 .text.PinMuxing
                0x80000854      0x150 Debug/Conf_mod.o
                0x80000854                PinMuxing

.iplt           0x800009a4        0x0
 .iplt          0x00000000        0x0 Debug/Conf_mod.o

.text.configEHRPWM_A
                0x800009a4       0x60
 .text.configEHRPWM_A
                0x800009a4       0x60 Debug/EGR_DCMotor.o
                0x800009a4                configEHRPWM_A

.text.configEHRPWM_B
                0x80000a04       0x60
 .text.configEHRPWM_B
                0x80000a04       0x60 Debug/EGR_DCMotor.o
                0x80000a04                configEHRPWM_B

.text.EHRPWMsetDutyCycle
                0x80000a64       0x4c
 .text.EHRPWMsetDutyCycle
                0x80000a64       0x4c Debug/EGR_DCMotor.o
                0x80000a64                EHRPWMsetDutyCycle

.text.EHRPWMinitForDCMotor
                0x80000ab0      0x1dc
 .text.EHRPWMinitForDCMotor
                0x80000ab0      0x1dc Debug/EGR_DCMotor.o
                0x80000ab0                EHRPWMinitForDCMotor

.text.IR_initialise
                0x80000c8c       0x44
 .text.IR_initialise
                0x80000c8c       0x44 Debug/IRSensors.o
                0x80000c8c                IR_initialise

.text.get_IR_data
                0x80000cd0       0xd4
 .text.get_IR_data
                0x80000cd0       0xd4 Debug/IRSensors.o
                0x80000cd0                get_IR_data

.text.MotorInit_and_Mux
                0x80000da4       0x7c
 .text.MotorInit_and_Mux
                0x80000da4       0x7c Debug/Motorsteuerung.o
                0x80000da4                MotorInit_and_Mux

.text.MotorSpeedSet
                0x80000e20      0x1c4
 .text.MotorSpeedSet
                0x80000e20      0x1c4 Debug/Motorsteuerung.o
                0x80000e20                MotorSpeedSet

.text.MotorLinks
                0x80000fe4      0x118
 .text.MotorLinks
                0x80000fe4      0x118 Debug/Motorsteuerung.o
                0x80000fe4                MotorLinks

.text.MotorRechts
                0x800010fc      0x118
 .text.MotorRechts
                0x800010fc      0x118 Debug/Motorsteuerung.o
                0x800010fc                MotorRechts

.text.LinkRad_RehctsRad
                0x80001214       0xcc
 .text.LinkRad_RehctsRad
                0x80001214       0xcc Debug/Motorsteuerung.o
                0x80001214                LinkRad_RehctsRad

.text.main      0x800012e0      0x21c
 .text.main     0x800012e0      0x21c Debug/T5-Olympiade-A2.o
                0x800012e0                main

.text.delay_ms  0x800014fc       0x48
 .text.delay_ms
                0x800014fc       0x48 Debug/delay_ms.o
                0x800014fc                delay_ms

.text.delay_us  0x80001544       0x4c
 .text.delay_us
                0x80001544       0x4c Debug/delay_ms.o
                0x80001544                delay_us

.text.initi2c   0x80001590      0x144
 .text.initi2c  0x80001590      0x144 Debug/i2c.o
                0x80001590                initi2c

.text.writetoi2c
                0x800016d4      0x158
 .text.writetoi2c
                0x800016d4      0x158 Debug/i2c.o
                0x800016d4                writetoi2c

.text.readfromi2c
                0x8000182c      0x188
 .text.readfromi2c
                0x8000182c      0x188 Debug/i2c.o
                0x8000182c                readfromi2c

.text.I2CIsr    0x800019b4       0xfc
 .text.I2CIsr   0x800019b4       0xfc Debug/i2c.o
                0x800019b4                I2CIsr

.text.IntDefaultHandler
                0x80001ab0       0x14
 .text.IntDefaultHandler
                0x80001ab0       0x14 /home/egr/AM335X_StarterWare_02_00_01_01/binary/armv7a/gcc/am335x/system_config/Debug/libsystem_config.a(interrupt.o)

.text.IntRegister
                0x80001ac4       0x34
 .text.IntRegister
                0x80001ac4       0x34 /home/egr/AM335X_StarterWare_02_00_01_01/binary/armv7a/gcc/am335x/system_config/Debug/libsystem_config.a(interrupt.o)
                0x80001ac4                IntRegister

.text.IntAINTCInit
                0x80001af8       0x8c
 .text.IntAINTCInit
                0x80001af8       0x8c /home/egr/AM335X_StarterWare_02_00_01_01/binary/armv7a/gcc/am335x/system_config/Debug/libsystem_config.a(interrupt.o)
                0x80001af8                IntAINTCInit

.text.IntPrioritySet
                0x80001b84       0x54
 .text.IntPrioritySet
                0x80001b84       0x54 /home/egr/AM335X_StarterWare_02_00_01_01/binary/armv7a/gcc/am335x/system_config/Debug/libsystem_config.a(interrupt.o)
                0x80001b84                IntPrioritySet

.text.IntSystemEnable
                0x80001bd8       0x4c
 .text.IntSystemEnable
                0x80001bd8       0x4c /home/egr/AM335X_StarterWare_02_00_01_01/binary/armv7a/gcc/am335x/system_config/Debug/libsystem_config.a(interrupt.o)
                0x80001bd8                IntSystemEnable

.text.IntMasterIRQEnable
                0x80001c24       0x18
 .text.IntMasterIRQEnable
                0x80001c24       0x18 /home/egr/AM335X_StarterWare_02_00_01_01/binary/armv7a/gcc/am335x/system_config/Debug/libsystem_config.a(interrupt.o)
                0x80001c24                IntMasterIRQEnable

.text.start_boot
                0x80001c3c       0x24
 .text.start_boot
                0x80001c3c       0x24 /home/egr/AM335X_StarterWare_02_00_01_01/binary/armv7a/gcc/am335x/system_config/Debug/libsystem_config.a(startup.o)
                0x80001c3c                start_boot

.text.CopyVectorTable
                0x80001c60       0x98
 .text.CopyVectorTable
                0x80001c60       0x98 /home/egr/AM335X_StarterWare_02_00_01_01/binary/armv7a/gcc/am335x/system_config/Debug/libsystem_config.a(startup.o)

.text.CPUirqe   0x80001cf8       0x20
 .text.CPUirqe  0x80001cf8       0x20 /home/egr/AM335X_StarterWare_02_00_01_01/binary/armv7a/gcc/am335x/system_config/Debug/libsystem_config.a(cpu.o)
                0x80001cf8                CPUirqe

.rodata.AM335X_VECTOR_BASE
                0x80001d18        0x4
 .rodata.AM335X_VECTOR_BASE
                0x80001d18        0x4 /home/egr/AM335X_StarterWare_02_00_01_01/binary/armv7a/gcc/am335x/system_config/Debug/libsystem_config.a(startup.o)
                0x80001d18                AM335X_VECTOR_BASE

.rodata.vecTbl  0x80001d1c       0x38
 .rodata.vecTbl
                0x80001d1c       0x38 /home/egr/AM335X_StarterWare_02_00_01_01/binary/armv7a/gcc/am335x/system_config/Debug/libsystem_config.a(startup.o)

.rel.dyn        0x80001d54        0x0
 .rel.iplt      0x00000000        0x0 Debug/Conf_mod.o
                0x80001d54                . = ALIGN (0x4)

.data
 *(.data)

.igot.plt       0x80001d54        0x0
 .igot.plt      0x00000000        0x0 Debug/Conf_mod.o

.data.slave_address
                0x80001d54        0x4
 .data.slave_address
                0x80001d54        0x4 Debug/IRSensors.o
                0x80001d54                slave_address

.data.turn_on   0x80001d58        0x4
 .data.turn_on  0x80001d58        0x4 Debug/IRSensors.o
                0x80001d58                turn_on

.data.turn_off  0x80001d5c        0x4
 .data.turn_off
                0x80001d5c        0x4 Debug/IRSensors.o
                0x80001d5c                turn_off

.data.configuration
                0x80001d60        0x4
 .data.configuration
                0x80001d60        0x4 Debug/IRSensors.o
                0x80001d60                configuration
                0x80001d64                . = ALIGN (0x4)
                0x80001d64                _bss_start = .

.bss            0x80001d64      0x270
 *(.bss)
 COMMON         0x80001d64       0x70 Debug/i2c.o
                0x80001d64                dataSnd
                0x80001d98                transCount
                0x80001d9c                dataRecv
                0x80001dd0                recvCount
 COMMON         0x80001dd4      0x200 /home/egr/AM335X_StarterWare_02_00_01_01/binary/armv7a/gcc/am335x/system_config/Debug/libsystem_config.a(interrupt.o)
                0x80001dd4                fnRAMVectors
                0x80001fd4                . = ALIGN (0x4)
                0x80001fd4                _bss_end = .
                0x87fffff8                _stack = 0x87fffff8
LOAD /home/egr/AM335X_StarterWare_02_00_01_01/binary/armv7a/gcc/am335x/drivers/Debug/libdrivers.a
LOAD /home/egr/AM335X_StarterWare_02_00_01_01/binary/armv7a/gcc/utils/Debug/libutils.a
LOAD /home/egr/AM335X_StarterWare_02_00_01_01/binary/armv7a/gcc/am335x/beaglebone/platform/Debug/libplatform.a
LOAD /home/egr/AM335X_StarterWare_02_00_01_01/binary/armv7a/gcc/am335x/system_config/Debug/libsystem_config.a
LOAD /home/egr/gcc-arm-none-eabi-4_8-2013q4/arm-none-eabi/lib//libc.a
LOAD /home/egr/gcc-arm-none-eabi-4_8-2013q4/lib/gcc/arm-none-eabi/4.8.3//libgcc.a
LOAD /home/egr/gcc-arm-none-eabi-4_8-2013q4/arm-none-eabi/lib//libm.a
LOAD /home/egr/AM335X_StarterWare_02_00_01_01/binary/armv7a/gcc/am335x/drivers/Debug/libdrivers.a
LOAD /home/egr/AM335X_StarterWare_02_00_01_01/binary/armv7a/gcc/utils/Debug/libutils.a
LOAD /home/egr/AM335X_StarterWare_02_00_01_01/binary/armv7a/gcc/am335x/beaglebone/platform/Debug/libplatform.a
LOAD /home/egr/AM335X_StarterWare_02_00_01_01/binary/armv7a/gcc/am335x/system_config/Debug/libsystem_config.a
LOAD /home/egr/gcc-arm-none-eabi-4_8-2013q4/arm-none-eabi/lib//libc.a
LOAD /home/egr/gcc-arm-none-eabi-4_8-2013q4/lib/gcc/arm-none-eabi/4.8.3//libgcc.a
LOAD /home/egr/gcc-arm-none-eabi-4_8-2013q4/arm-none-eabi/lib//libm.a
OUTPUT(Debug/EGR_run.out elf32-littlearm)

.bss.set_input  0x80001fd4        0x4
 .bss.set_input
                0x80001fd4        0x4 Debug/IRSensors.o
                0x80001fd4                set_input

.debug_info     0x00000000      0xeba
 .debug_info    0x00000000       0x82 Debug/Conf_mod.o
 .debug_info    0x00000082      0x105 Debug/EGR_DCMotor.o
 .debug_info    0x00000187      0x111 Debug/IRSensors.o
 .debug_info    0x00000298       0xe6 Debug/Motorsteuerung.o
 .debug_info    0x0000037e       0xe5 Debug/T5-Olympiade-A2.o
 .debug_info    0x00000463       0x90 Debug/delay_ms.o
 .debug_info    0x000004f3      0x1b2 Debug/i2c.o
 .debug_info    0x000006a5       0xa4 /home/egr/AM335X_StarterWare_02_00_01_01/binary/armv7a/gcc/am335x/system_config/Debug/libsystem_config.a(init.o)
 .debug_info    0x00000749      0x44c /home/egr/AM335X_StarterWare_02_00_01_01/binary/armv7a/gcc/am335x/system_config/Debug/libsystem_config.a(interrupt.o)
 .debug_info    0x00000b95       0xda /home/egr/AM335X_StarterWare_02_00_01_01/binary/armv7a/gcc/am335x/system_config/Debug/libsystem_config.a(startup.o)
 .debug_info    0x00000c6f       0xa4 /home/egr/AM335X_StarterWare_02_00_01_01/binary/armv7a/gcc/am335x/system_config/Debug/libsystem_config.a(cp15.o)
 .debug_info    0x00000d13       0xf0 /home/egr/AM335X_StarterWare_02_00_01_01/binary/armv7a/gcc/am335x/system_config/Debug/libsystem_config.a(cpu.o)
 .debug_info    0x00000e03       0xb7 /home/egr/AM335X_StarterWare_02_00_01_01/binary/armv7a/gcc/am335x/system_config/Debug/libsystem_config.a(exceptionhandler.o)

.debug_abbrev   0x00000000      0x62b
 .debug_abbrev  0x00000000       0x48 Debug/Conf_mod.o
 .debug_abbrev  0x00000048       0x5e Debug/EGR_DCMotor.o
 .debug_abbrev  0x000000a6       0x81 Debug/IRSensors.o
 .debug_abbrev  0x00000127       0x81 Debug/Motorsteuerung.o
 .debug_abbrev  0x000001a8       0x86 Debug/T5-Olympiade-A2.o
 .debug_abbrev  0x0000022e       0x76 Debug/delay_ms.o
 .debug_abbrev  0x000002a4       0xfb Debug/i2c.o
 .debug_abbrev  0x0000039f       0x14 /home/egr/AM335X_StarterWare_02_00_01_01/binary/armv7a/gcc/am335x/system_config/Debug/libsystem_config.a(init.o)
 .debug_abbrev  0x000003b3      0x14b /home/egr/AM335X_StarterWare_02_00_01_01/binary/armv7a/gcc/am335x/system_config/Debug/libsystem_config.a(interrupt.o)
 .debug_abbrev  0x000004fe       0xa7 /home/egr/AM335X_StarterWare_02_00_01_01/binary/armv7a/gcc/am335x/system_config/Debug/libsystem_config.a(startup.o)
 .debug_abbrev  0x000005a5       0x14 /home/egr/AM335X_StarterWare_02_00_01_01/binary/armv7a/gcc/am335x/system_config/Debug/libsystem_config.a(cp15.o)
 .debug_abbrev  0x000005b9       0x5e /home/egr/AM335X_StarterWare_02_00_01_01/binary/armv7a/gcc/am335x/system_config/Debug/libsystem_config.a(cpu.o)
 .debug_abbrev  0x00000617       0x14 /home/egr/AM335X_StarterWare_02_00_01_01/binary/armv7a/gcc/am335x/system_config/Debug/libsystem_config.a(exceptionhandler.o)

.debug_aranges  0x00000000      0x338
 .debug_aranges
                0x00000000       0x20 Debug/Conf_mod.o
 .debug_aranges
                0x00000020       0x38 Debug/EGR_DCMotor.o
 .debug_aranges
                0x00000058       0x28 Debug/IRSensors.o
 .debug_aranges
                0x00000080       0x40 Debug/Motorsteuerung.o
 .debug_aranges
                0x000000c0       0x20 Debug/T5-Olympiade-A2.o
 .debug_aranges
                0x000000e0       0x28 Debug/delay_ms.o
 .debug_aranges
                0x00000108       0x40 Debug/i2c.o
 .debug_aranges
                0x00000148       0x20 /home/egr/AM335X_StarterWare_02_00_01_01/binary/armv7a/gcc/am335x/system_config/Debug/libsystem_config.a(init.o)
 .debug_aranges
                0x00000168      0x110 /home/egr/AM335X_StarterWare_02_00_01_01/binary/armv7a/gcc/am335x/system_config/Debug/libsystem_config.a(interrupt.o)
 .debug_aranges
                0x00000278       0x28 /home/egr/AM335X_StarterWare_02_00_01_01/binary/armv7a/gcc/am335x/system_config/Debug/libsystem_config.a(startup.o)
 .debug_aranges
                0x000002a0       0x20 /home/egr/AM335X_StarterWare_02_00_01_01/binary/armv7a/gcc/am335x/system_config/Debug/libsystem_config.a(cp15.o)
 .debug_aranges
                0x000002c0       0x58 /home/egr/AM335X_StarterWare_02_00_01_01/binary/armv7a/gcc/am335x/system_config/Debug/libsystem_config.a(cpu.o)
 .debug_aranges
                0x00000318       0x20 /home/egr/AM335X_StarterWare_02_00_01_01/binary/armv7a/gcc/am335x/system_config/Debug/libsystem_config.a(exceptionhandler.o)

.debug_ranges   0x00000000      0x250
 .debug_ranges  0x00000000       0x10 Debug/Conf_mod.o
 .debug_ranges  0x00000010       0x28 Debug/EGR_DCMotor.o
 .debug_ranges  0x00000038       0x18 Debug/IRSensors.o
 .debug_ranges  0x00000050       0x30 Debug/Motorsteuerung.o
 .debug_ranges  0x00000080       0x10 Debug/T5-Olympiade-A2.o
 .debug_ranges  0x00000090       0x18 Debug/delay_ms.o
 .debug_ranges  0x000000a8       0x30 Debug/i2c.o
 .debug_ranges  0x000000d8      0x108 /home/egr/AM335X_StarterWare_02_00_01_01/binary/armv7a/gcc/am335x/system_config/Debug/libsystem_config.a(interrupt.o)
 .debug_ranges  0x000001e0       0x20 /home/egr/AM335X_StarterWare_02_00_01_01/binary/armv7a/gcc/am335x/system_config/Debug/libsystem_config.a(startup.o)
 .debug_ranges  0x00000200       0x50 /home/egr/AM335X_StarterWare_02_00_01_01/binary/armv7a/gcc/am335x/system_config/Debug/libsystem_config.a(cpu.o)

.debug_line     0x00000000      0xa92
 .debug_line    0x00000000       0x50 Debug/Conf_mod.o
 .debug_line    0x00000050       0x95 Debug/EGR_DCMotor.o
 .debug_line    0x000000e5       0x6b Debug/IRSensors.o
 .debug_line    0x00000150       0xc3 Debug/Motorsteuerung.o
 .debug_line    0x00000213       0x88 Debug/T5-Olympiade-A2.o
 .debug_line    0x0000029b       0x60 Debug/delay_ms.o
 .debug_line    0x000002fb       0xf0 Debug/i2c.o
 .debug_line    0x000003eb       0x81 /home/egr/AM335X_StarterWare_02_00_01_01/binary/armv7a/gcc/am335x/system_config/Debug/libsystem_config.a(init.o)
 .debug_line    0x0000046c      0x294 /home/egr/AM335X_StarterWare_02_00_01_01/binary/armv7a/gcc/am335x/system_config/Debug/libsystem_config.a(interrupt.o)
 .debug_line    0x00000700       0x82 /home/egr/AM335X_StarterWare_02_00_01_01/binary/armv7a/gcc/am335x/system_config/Debug/libsystem_config.a(startup.o)
 .debug_line    0x00000782      0x187 /home/egr/AM335X_StarterWare_02_00_01_01/binary/armv7a/gcc/am335x/system_config/Debug/libsystem_config.a(cp15.o)
 .debug_line    0x00000909       0xde /home/egr/AM335X_StarterWare_02_00_01_01/binary/armv7a/gcc/am335x/system_config/Debug/libsystem_config.a(cpu.o)
 .debug_line    0x000009e7       0xab /home/egr/AM335X_StarterWare_02_00_01_01/binary/armv7a/gcc/am335x/system_config/Debug/libsystem_config.a(exceptionhandler.o)

.debug_str      0x00000000      0x7e7
 .debug_str     0x00000000      0x13d Debug/Conf_mod.o
                                0x14a (size before relaxing)
 .debug_str     0x0000013d       0x9e Debug/EGR_DCMotor.o
                                0x19f (size before relaxing)
 .debug_str     0x000001db       0x7e Debug/IRSensors.o
                                0x17f (size before relaxing)
 .debug_str     0x00000259       0x83 Debug/Motorsteuerung.o
                                0x17d (size before relaxing)
 .debug_str     0x000002dc       0x40 Debug/T5-Olympiade-A2.o
                                0x171 (size before relaxing)
 .debug_str     0x0000031c       0x29 Debug/delay_ms.o
                                0x117 (size before relaxing)
 .debug_str     0x00000345       0x82 Debug/i2c.o
                                0x191 (size before relaxing)
 .debug_str     0x000003c7      0x311 /home/egr/AM335X_StarterWare_02_00_01_01/binary/armv7a/gcc/am335x/system_config/Debug/libsystem_config.a(interrupt.o)
                                0x333 (size before relaxing)
 .debug_str     0x000006d8       0x70 /home/egr/AM335X_StarterWare_02_00_01_01/binary/armv7a/gcc/am335x/system_config/Debug/libsystem_config.a(startup.o)
                                 0xe8 (size before relaxing)
 .debug_str     0x00000748       0x9f /home/egr/AM335X_StarterWare_02_00_01_01/binary/armv7a/gcc/am335x/system_config/Debug/libsystem_config.a(cpu.o)
                                0x103 (size before relaxing)

.comment        0x00000000       0xf1
 .comment       0x00000000       0x70 Debug/Conf_mod.o
                                 0x71 (size before relaxing)
 .comment       0x00000000       0x71 Debug/EGR_DCMotor.o
 .comment       0x00000000       0x71 Debug/IRSensors.o
 .comment       0x00000000       0x71 Debug/Motorsteuerung.o
 .comment       0x00000000       0x71 Debug/T5-Olympiade-A2.o
 .comment       0x00000000       0x71 Debug/delay_ms.o
 .comment       0x00000000       0x71 Debug/i2c.o
 .comment       0x00000070       0x2b /home/egr/AM335X_StarterWare_02_00_01_01/binary/armv7a/gcc/am335x/system_config/Debug/libsystem_config.a(interrupt.o)
 .comment       0x0000009b       0x2b /home/egr/AM335X_StarterWare_02_00_01_01/binary/armv7a/gcc/am335x/system_config/Debug/libsystem_config.a(startup.o)
 .comment       0x000000c6       0x2b /home/egr/AM335X_StarterWare_02_00_01_01/binary/armv7a/gcc/am335x/system_config/Debug/libsystem_config.a(cpu.o)

.ARM.attributes
                0x00000000       0x35
 .ARM.attributes
                0x00000000       0x37 Debug/Conf_mod.o
 .ARM.attributes
                0x00000037       0x37 Debug/EGR_DCMotor.o
 .ARM.attributes
                0x0000006e       0x37 Debug/IRSensors.o
 .ARM.attributes
                0x000000a5       0x37 Debug/Motorsteuerung.o
 .ARM.attributes
                0x000000dc       0x37 Debug/T5-Olympiade-A2.o
 .ARM.attributes
                0x00000113       0x37 Debug/delay_ms.o
 .ARM.attributes
                0x0000014a       0x37 Debug/i2c.o
 .ARM.attributes
                0x00000181       0x23 /home/egr/AM335X_StarterWare_02_00_01_01/binary/armv7a/gcc/am335x/system_config/Debug/libsystem_config.a(init.o)
 .ARM.attributes
                0x000001a4       0x33 /home/egr/AM335X_StarterWare_02_00_01_01/binary/armv7a/gcc/am335x/system_config/Debug/libsystem_config.a(interrupt.o)
 .ARM.attributes
                0x000001d7       0x33 /home/egr/AM335X_StarterWare_02_00_01_01/binary/armv7a/gcc/am335x/system_config/Debug/libsystem_config.a(startup.o)
 .ARM.attributes
                0x0000020a       0x23 /home/egr/AM335X_StarterWare_02_00_01_01/binary/armv7a/gcc/am335x/system_config/Debug/libsystem_config.a(cp15.o)
 .ARM.attributes
                0x0000022d       0x33 /home/egr/AM335X_StarterWare_02_00_01_01/binary/armv7a/gcc/am335x/system_config/Debug/libsystem_config.a(cpu.o)
 .ARM.attributes
                0x00000260       0x23 /home/egr/AM335X_StarterWare_02_00_01_01/binary/armv7a/gcc/am335x/system_config/Debug/libsystem_config.a(exceptionhandler.o)
 .ARM.attributes
                0x00000283       0x18 /home/egr/gcc-arm-none-eabi-4_8-2013q4/lib/gcc/arm-none-eabi/4.8.3//libgcc.a(_udivsi3.o)
 .ARM.attributes
                0x0000029b       0x18 /home/egr/gcc-arm-none-eabi-4_8-2013q4/lib/gcc/arm-none-eabi/4.8.3//libgcc.a(_divsi3.o)
 .ARM.attributes
                0x000002b3       0x18 /home/egr/gcc-arm-none-eabi-4_8-2013q4/lib/gcc/arm-none-eabi/4.8.3//libgcc.a(_dvmd_tls.o)

.debug_frame    0x00000000      0x6e8
 .debug_frame   0x00000000       0x28 Debug/Conf_mod.o
 .debug_frame   0x00000028       0x70 Debug/EGR_DCMotor.o
 .debug_frame   0x00000098       0x48 Debug/IRSensors.o
 .debug_frame   0x000000e0       0x9c Debug/Motorsteuerung.o
 .debug_frame   0x0000017c       0x2c Debug/T5-Olympiade-A2.o
 .debug_frame   0x000001a8       0x40 Debug/delay_ms.o
 .debug_frame   0x000001e8       0x94 Debug/i2c.o
 .debug_frame   0x0000027c      0x314 /home/egr/AM335X_StarterWare_02_00_01_01/binary/armv7a/gcc/am335x/system_config/Debug/libsystem_config.a(interrupt.o)
 .debug_frame   0x00000590       0x48 /home/egr/AM335X_StarterWare_02_00_01_01/binary/armv7a/gcc/am335x/system_config/Debug/libsystem_config.a(startup.o)
 .debug_frame   0x000005d8       0xd0 /home/egr/AM335X_StarterWare_02_00_01_01/binary/armv7a/gcc/am335x/system_config/Debug/libsystem_config.a(cpu.o)
 .debug_frame   0x000006a8       0x20 /home/egr/gcc-arm-none-eabi-4_8-2013q4/lib/gcc/arm-none-eabi/4.8.3//libgcc.a(_udivsi3.o)
 .debug_frame   0x000006c8       0x20 /home/egr/gcc-arm-none-eabi-4_8-2013q4/lib/gcc/arm-none-eabi/4.8.3//libgcc.a(_divsi3.o)

.debug_loc      0x00000000      0x6e3
 .debug_loc     0x00000000      0x535 /home/egr/AM335X_StarterWare_02_00_01_01/binary/armv7a/gcc/am335x/system_config/Debug/libsystem_config.a(interrupt.o)
 .debug_loc     0x00000535       0x56 /home/egr/AM335X_StarterWare_02_00_01_01/binary/armv7a/gcc/am335x/system_config/Debug/libsystem_config.a(startup.o)
 .debug_loc     0x0000058b      0x158 /home/egr/AM335X_StarterWare_02_00_01_01/binary/armv7a/gcc/am335x/system_config/Debug/libsystem_config.a(cpu.o)

.debug_pubnames
                0x00000000      0x3a1
 .debug_pubnames
                0x00000000      0x2cc /home/egr/AM335X_StarterWare_02_00_01_01/binary/armv7a/gcc/am335x/system_config/Debug/libsystem_config.a(interrupt.o)
 .debug_pubnames
                0x000002cc       0x38 /home/egr/AM335X_StarterWare_02_00_01_01/binary/armv7a/gcc/am335x/system_config/Debug/libsystem_config.a(startup.o)
 .debug_pubnames
                0x00000304       0x9d /home/egr/AM335X_StarterWare_02_00_01_01/binary/armv7a/gcc/am335x/system_config/Debug/libsystem_config.a(cpu.o)
